Archive member included to satisfy reference by file (symbol)

d:/cubeide/stm32cubeide_1.4.0/stm32cubeide/plugins/com.st.stm32cube.ide.mcu.externaltools.gnu-tools-for-stm32.7-2018-q2-update.win32_1.4.0.202007081208/tools/bin/../lib/gcc/arm-none-eabi/7.3.1/../../../../arm-none-eabi/lib/thumb/v7-m\libc_nano.a(lib_a-errno.o)
                              Core/Src/syscalls.o (__errno)
d:/cubeide/stm32cubeide_1.4.0/stm32cubeide/plugins/com.st.stm32cube.ide.mcu.externaltools.gnu-tools-for-stm32.7-2018-q2-update.win32_1.4.0.202007081208/tools/bin/../lib/gcc/arm-none-eabi/7.3.1/../../../../arm-none-eabi/lib/thumb/v7-m\libc_nano.a(lib_a-exit.o)
                              d:/cubeide/stm32cubeide_1.4.0/stm32cubeide/plugins/com.st.stm32cube.ide.mcu.externaltools.gnu-tools-for-stm32.7-2018-q2-update.win32_1.4.0.202007081208/tools/bin/../lib/gcc/arm-none-eabi/7.3.1/../../../../arm-none-eabi/lib/thumb/v7-m/crt0.o (exit)
d:/cubeide/stm32cubeide_1.4.0/stm32cubeide/plugins/com.st.stm32cube.ide.mcu.externaltools.gnu-tools-for-stm32.7-2018-q2-update.win32_1.4.0.202007081208/tools/bin/../lib/gcc/arm-none-eabi/7.3.1/../../../../arm-none-eabi/lib/thumb/v7-m\libc_nano.a(lib_a-impure.o)
                              d:/cubeide/stm32cubeide_1.4.0/stm32cubeide/plugins/com.st.stm32cube.ide.mcu.externaltools.gnu-tools-for-stm32.7-2018-q2-update.win32_1.4.0.202007081208/tools/bin/../lib/gcc/arm-none-eabi/7.3.1/../../../../arm-none-eabi/lib/thumb/v7-m\libc_nano.a(lib_a-exit.o) (_global_impure_ptr)
d:/cubeide/stm32cubeide_1.4.0/stm32cubeide/plugins/com.st.stm32cube.ide.mcu.externaltools.gnu-tools-for-stm32.7-2018-q2-update.win32_1.4.0.202007081208/tools/bin/../lib/gcc/arm-none-eabi/7.3.1/../../../../arm-none-eabi/lib/thumb/v7-m\libc_nano.a(lib_a-init.o)
                              d:/cubeide/stm32cubeide_1.4.0/stm32cubeide/plugins/com.st.stm32cube.ide.mcu.externaltools.gnu-tools-for-stm32.7-2018-q2-update.win32_1.4.0.202007081208/tools/bin/../lib/gcc/arm-none-eabi/7.3.1/../../../../arm-none-eabi/lib/thumb/v7-m/crt0.o (__libc_init_array)
d:/cubeide/stm32cubeide_1.4.0/stm32cubeide/plugins/com.st.stm32cube.ide.mcu.externaltools.gnu-tools-for-stm32.7-2018-q2-update.win32_1.4.0.202007081208/tools/bin/../lib/gcc/arm-none-eabi/7.3.1/../../../../arm-none-eabi/lib/thumb/v7-m\libc_nano.a(lib_a-memcpy-stub.o)
                              Core/Src/allcontrol.o (memcpy)
d:/cubeide/stm32cubeide_1.4.0/stm32cubeide/plugins/com.st.stm32cube.ide.mcu.externaltools.gnu-tools-for-stm32.7-2018-q2-update.win32_1.4.0.202007081208/tools/bin/../lib/gcc/arm-none-eabi/7.3.1/../../../../arm-none-eabi/lib/thumb/v7-m\libc_nano.a(lib_a-memset.o)
                              d:/cubeide/stm32cubeide_1.4.0/stm32cubeide/plugins/com.st.stm32cube.ide.mcu.externaltools.gnu-tools-for-stm32.7-2018-q2-update.win32_1.4.0.202007081208/tools/bin/../lib/gcc/arm-none-eabi/7.3.1/../../../../arm-none-eabi/lib/thumb/v7-m/crt0.o (memset)
d:/cubeide/stm32cubeide_1.4.0/stm32cubeide/plugins/com.st.stm32cube.ide.mcu.externaltools.gnu-tools-for-stm32.7-2018-q2-update.win32_1.4.0.202007081208/tools/bin/../lib/gcc/arm-none-eabi/7.3.1/../../../../arm-none-eabi/lib/thumb/v7-m\libc_nano.a(lib_a-rand.o)
                              Core/Src/allcontrol.o (srand)
d:/cubeide/stm32cubeide_1.4.0/stm32cubeide/plugins/com.st.stm32cube.ide.mcu.externaltools.gnu-tools-for-stm32.7-2018-q2-update.win32_1.4.0.202007081208/tools/bin/../lib/gcc/arm-none-eabi/7.3.1/../../../../arm-none-eabi/lib/thumb/v7-m\libc_nano.a(lib_a-malloc.o)
                              d:/cubeide/stm32cubeide_1.4.0/stm32cubeide/plugins/com.st.stm32cube.ide.mcu.externaltools.gnu-tools-for-stm32.7-2018-q2-update.win32_1.4.0.202007081208/tools/bin/../lib/gcc/arm-none-eabi/7.3.1/../../../../arm-none-eabi/lib/thumb/v7-m\libc_nano.a(lib_a-rand.o) (malloc)
d:/cubeide/stm32cubeide_1.4.0/stm32cubeide/plugins/com.st.stm32cube.ide.mcu.externaltools.gnu-tools-for-stm32.7-2018-q2-update.win32_1.4.0.202007081208/tools/bin/../lib/gcc/arm-none-eabi/7.3.1/../../../../arm-none-eabi/lib/thumb/v7-m\libc_nano.a(lib_a-nano-freer.o)
                              d:/cubeide/stm32cubeide_1.4.0/stm32cubeide/plugins/com.st.stm32cube.ide.mcu.externaltools.gnu-tools-for-stm32.7-2018-q2-update.win32_1.4.0.202007081208/tools/bin/../lib/gcc/arm-none-eabi/7.3.1/../../../../arm-none-eabi/lib/thumb/v7-m\libc_nano.a(lib_a-malloc.o) (_free_r)
d:/cubeide/stm32cubeide_1.4.0/stm32cubeide/plugins/com.st.stm32cube.ide.mcu.externaltools.gnu-tools-for-stm32.7-2018-q2-update.win32_1.4.0.202007081208/tools/bin/../lib/gcc/arm-none-eabi/7.3.1/../../../../arm-none-eabi/lib/thumb/v7-m\libc_nano.a(lib_a-nano-mallocr.o)
                              d:/cubeide/stm32cubeide_1.4.0/stm32cubeide/plugins/com.st.stm32cube.ide.mcu.externaltools.gnu-tools-for-stm32.7-2018-q2-update.win32_1.4.0.202007081208/tools/bin/../lib/gcc/arm-none-eabi/7.3.1/../../../../arm-none-eabi/lib/thumb/v7-m\libc_nano.a(lib_a-malloc.o) (_malloc_r)
[...]
Memory Configuration

Name             Origin             Length             Attributes
RAM              0x0000000020000000 0x000000000000c000 xrw
FLASH            0x0000000008000000 0x0000000000040000 xr
*default*        0x0000000000000000 0xffffffffffffffff

Linker script and memory map

LOAD d:/cubeide/stm32cubeide_1.4.0/stm32cubeide/plugins/com.st.stm32cube.ide.mcu.externaltools.gnu-tools-for-stm32.7-2018-q2-update.win32_1.4.0.202007081208/tools/bin/../lib/gcc/arm-none-eabi/7.3.1/thumb/v7-m/crti.o
LOAD d:/cubeide/stm32cubeide_1.4.0/stm32cubeide/plugins/com.st.stm32cube.ide.mcu.externaltools.gnu-tools-for-stm32.7-2018-q2-update.win32_1.4.0.202007081208/tools/bin/../lib/gcc/arm-none-eabi/7.3.1/thumb/v7-m/crtbegin.o
LOAD d:/cubeide/stm32cubeide_1.4.0/stm32cubeide/plugins/com.st.stm32cube.ide.mcu.externaltools.gnu-tools-for-stm32.7-2018-q2-update.win32_1.4.0.202007081208/tools/bin/../lib/gcc/arm-none-eabi/7.3.1/../../../../arm-none-eabi/lib/thumb/v7-m/crt0.o
LOAD Core/Src/allcontrol.o
LOAD Core/Src/allmath.o
LOAD Core/Src/gpio.o
LOAD Core/Src/i2c.o
LOAD Core/Src/main.o
LOAD Core/Src/oled.o
LOAD Core/Src/stm32f1xx_hal_msp.o
LOAD Core/Src/stm32f1xx_it.o
LOAD Core/Src/syscalls.o
LOAD Core/Src/sysmem.o
LOAD Core/Src/system_stm32f1xx.o
LOAD Core/Src/tim.o
LOAD Core/Src/usart.o
LOAD Core/Src/csrc/mui.o
LOAD Core/Src/csrc/mui_u8g2.o
LOAD Core/Src/csrc/u8g2_bitmap.o
LOAD Core/Src/csrc/u8g2_box.o
LOAD Core/Src/csrc/u8g2_buffer.o
LOAD Core/Src/csrc/u8g2_button.o
LOAD Core/Src/csrc/u8g2_circle.o
LOAD Core/Src/csrc/u8g2_cleardisplay.o
LOAD Core/Src/csrc/u8g2_d_memory.o
LOAD Core/Src/csrc/u8g2_d_setup.o
LOAD Core/Src/csrc/u8g2_font.o
LOAD Core/Src/csrc/u8g2_fonts.o
LOAD Core/Src/csrc/u8g2_hvline.o
LOAD Core/Src/csrc/u8g2_input_value.o
LOAD Core/Src/csrc/u8g2_intersection.o
LOAD Core/Src/csrc/u8g2_kerning.o
LOAD Core/Src/csrc/u8g2_line.o
LOAD Core/Src/csrc/u8g2_ll_hvline.o
LOAD Core/Src/csrc/u8g2_message.o
LOAD Core/Src/csrc/u8g2_polygon.o
LOAD Core/Src/csrc/u8g2_selection_list.o
LOAD Core/Src/csrc/u8g2_setup.o
LOAD Core/Src/csrc/u8log.o
LOAD Core/Src/csrc/u8log_u8g2.o
LOAD Core/Src/csrc/u8log_u8x8.o
LOAD Core/Src/csrc/u8x8_8x8.o
LOAD Core/Src/csrc/u8x8_byte.o
LOAD Core/Src/csrc/u8x8_cad.o
LOAD Core/Src/csrc/u8x8_capture.o
LOAD Core/Src/csrc/u8x8_d_ssd1306_128x64_noname.o
LOAD Core/Src/csrc/u8x8_debounce.o
LOAD Core/Src/csrc/u8x8_display.o
LOAD Core/Src/csrc/u8x8_fonts.o
LOAD Core/Src/csrc/u8x8_gpio.o
LOAD Core/Src/csrc/u8x8_input_value.o
LOAD Core/Src/csrc/u8x8_message.o
LOAD Core/Src/csrc/u8x8_selection_list.o
LOAD Core/Src/csrc/u8x8_setup.o
LOAD Core/Src/csrc/u8x8_string.o
LOAD Core/Src/csrc/u8x8_u16toa.o
LOAD Core/Src/csrc/u8x8_u8toa.o
LOAD Core/Startup/startup_stm32f103rctx.o
LOAD Drivers/STM32F1xx_HAL_Driver/Src/stm32f1xx_hal.o
LOAD Drivers/STM32F1xx_HAL_Driver/Src/stm32f1xx_hal_cortex.o
LOAD Drivers/STM32F1xx_HAL_Driver/Src/stm32f1xx_hal_dma.o
LOAD Drivers/STM32F1xx_HAL_Driver/Src/stm32f1xx_hal_exti.o
LOAD Drivers/STM32F1xx_HAL_Driver/Src/stm32f1xx_hal_flash.o
LOAD Drivers/STM32F1xx_HAL_Driver/Src/stm32f1xx_hal_flash_ex.o
LOAD Drivers/STM32F1xx_HAL_Driver/Src/stm32f1xx_hal_gpio.o
LOAD Drivers/STM32F1xx_HAL_Driver/Src/stm32f1xx_hal_gpio_ex.o
LOAD Drivers/STM32F1xx_HAL_Driver/Src/stm32f1xx_hal_i2c.o
LOAD Drivers/STM32F1xx_HAL_Driver/Src/stm32f1xx_hal_pwr.o
LOAD Drivers/STM32F1xx_HAL_Driver/Src/stm32f1xx_hal_rcc.o
LOAD Drivers/STM32F1xx_HAL_Driver/Src/stm32f1xx_hal_rcc_ex.o
LOAD Drivers/STM32F1xx_HAL_Driver/Src/stm32f1xx_hal_tim.o
LOAD Drivers/STM32F1xx_HAL_Driver/Src/stm32f1xx_hal_tim_ex.o
LOAD Drivers/STM32F1xx_HAL_Driver/Src/stm32f1xx_hal_uart.o
START GROUP
LOAD d:/cubeide/stm32cubeide_1.4.0/stm32cubeide/plugins/com.st.stm32cube.ide.mcu.externaltools.gnu-tools-for-stm32.7-2018-q2-update.win32_1.4.0.202007081208/tools/bin/../lib/gcc/arm-none-eabi/7.3.1/../../../../arm-none-eabi/lib/thumb/v7-m\libc_nano.a
LOAD d:/cubeide/stm32cubeide_1.4.0/stm32cubeide/plugins/com.st.stm32cube.ide.mcu.externaltools.gnu-tools-for-stm32.7-2018-q2-update.win32_1.4.0.202007081208/tools/bin/../lib/gcc/arm-none-eabi/7.3.1/../../../../arm-none-eabi/lib/thumb/v7-m\libm.a
END GROUP
START GROUP
LOAD d:/cubeide/stm32cubeide_1.4.0/stm32cubeide/plugins/com.st.stm32cube.ide.mcu.externaltools.gnu-tools-for-stm32.7-2018-q2-update.win32_1.4.0.202007081208/tools/bin/../lib/gcc/arm-none-eabi/7.3.1/thumb/v7-m\libgcc.a
LOAD d:/cubeide/stm32cubeide_1.4.0/stm32cubeide/plugins/com.st.stm32cube.ide.mcu.externaltools.gnu-tools-for-stm32.7-2018-q2-update.win32_1.4.0.202007081208/tools/bin/../lib/gcc/arm-none-eabi/7.3.1/../../../../arm-none-eabi/lib/thumb/v7-m\libc_nano.a
END GROUP
START GROUP
LOAD d:/cubeide/stm32cubeide_1.4.0/stm32cubeide/plugins/com.st.stm32cube.ide.mcu.externaltools.gnu-tools-for-stm32.7-2018-q2-update.win32_1.4.0.202007081208/tools/bin/../lib/gcc/arm-none-eabi/7.3.1/thumb/v7-m\libgcc.a
LOAD d:/cubeide/stm32cubeide_1.4.0/stm32cubeide/plugins/com.st.stm32cube.ide.mcu.externaltools.gnu-tools-for-stm32.7-2018-q2-update.win32_1.4.0.202007081208/tools/bin/../lib/gcc/arm-none-eabi/7.3.1/../../../../arm-none-eabi/lib/thumb/v7-m\libc_nano.a
LOAD d:/cubeide/stm32cubeide_1.4.0/stm32cubeide/plugins/com.st.stm32cube.ide.mcu.externaltools.gnu-tools-for-stm32.7-2018-q2-update.win32_1.4.0.202007081208/tools/bin/../lib/gcc/arm-none-eabi/7.3.1/../../../../arm-none-eabi/lib/thumb/v7-m\libnosys.a
END GROUP
START GROUP
LOAD d:/cubeide/stm32cubeide_1.4.0/stm32cubeide/plugins/com.st.stm32cube.ide.mcu.externaltools.gnu-tools-for-stm32.7-2018-q2-update.win32_1.4.0.202007081208/tools/bin/../lib/gcc/arm-none-eabi/7.3.1/thumb/v7-m\libgcc.a
LOAD d:/cubeide/stm32cubeide_1.4.0/stm32cubeide/plugins/com.st.stm32cube.ide.mcu.externaltools.gnu-tools-for-stm32.7-2018-q2-update.win32_1.4.0.202007081208/tools/bin/../lib/gcc/arm-none-eabi/7.3.1/../../../../arm-none-eabi/lib/thumb/v7-m\libc_nano.a
LOAD d:/cubeide/stm32cubeide_1.4.0/stm32cubeide/plugins/com.st.stm32cube.ide.mcu.externaltools.gnu-tools-for-stm32.7-2018-q2-update.win32_1.4.0.202007081208/tools/bin/../lib/gcc/arm-none-eabi/7.3.1/../../../../arm-none-eabi/lib/thumb/v7-m\libnosys.a
END GROUP
LOAD d:/cubeide/stm32cubeide_1.4.0/stm32cubeide/plugins/com.st.stm32cube.ide.mcu.externaltools.gnu-tools-for-stm32.7-2018-q2-update.win32_1.4.0.202007081208/tools/bin/../lib/gcc/arm-none-eabi/7.3.1/thumb/v7-m/crtend.o
LOAD d:/cubeide/stm32cubeide_1.4.0/stm32cubeide/plugins/com.st.stm32cube.ide.mcu.externaltools.gnu-tools-for-stm32.7-2018-q2-update.win32_1.4.0.202007081208/tools/bin/../lib/gcc/arm-none-eabi/7.3.1/thumb/v7-m/crtn.o
                0x000000002000c000                _estack = (ORIGIN (RAM) + LENGTH (RAM))
                0x0000000000000200                _Min_Heap_Size = 0x200
                0x0000000000000400                _Min_Stack_Size = 0x400

.isr_vector     0x0000000008000000      0x1e4
                0x0000000008000000                . = ALIGN (0x4)
 *(.isr_vector)
 .isr_vector    0x0000000008000000      0x1e4 Core/Startup/startup_stm32f103rctx.o
                0x0000000008000000                g_pfnVectors
                0x00000000080001e4                . = ALIGN (0x4)

.text           0x00000000080001e4     0x6460
                0x00000000080001e4                . = ALIGN (0x4)
 *(.text)
 .text          0x00000000080001e4       0x40 d:/cubeide/stm32cubeide_1.4.0/stm32cubeide/plugins/com.st.stm32cube.ide.mcu.externaltools.gnu-tools-for-stm32.7-2018-q2-update.win32_1.4.0.202007081208/tools/bin/../lib/gcc/arm-none-eabi/7.3.1/thumb/v7-m/crtbegin.o
 *(.text*)
 .text.button_turn
                0x0000000008000224       0x34 Core/Src/allcontrol.o
                0x0000000008000224                button_turn
 .text.button_sure
                0x0000000008000258       0x34 Core/Src/allcontrol.o
                0x0000000008000258                button_sure
 .text.button_return
                0x000000000800028c       0x38 Core/Src/allcontrol.o
                0x000000000800028c                button_return
 .text.button_other1
                0x00000000080002c4       0x34 Core/Src/allcontrol.o
                0x00000000080002c4                button_other1
 .text.fresh_bat
                0x00000000080002f8       0x4c Core/Src/allcontrol.o
                0x00000000080002f8                fresh_bat
 .text.display_page_time
                0x0000000008000344      0x104 Core/Src/allcontrol.o
                0x0000000008000344                display_page_time
 .text.display_page_music
                0x0000000008000448       0xac Core/Src/allcontrol.o
                0x0000000008000448                display_page_music
 .text.display_card
                0x00000000080004f4      0x2b8 Core/Src/allcontrol.o
                0x00000000080004f4                display_card
 .text.card_feedback
                0x00000000080007ac      0x1f4 Core/Src/allcontrol.o
                0x00000000080007ac                card_feedback
 .text.let_p2   0x00000000080009a0      0x194 Core/Src/allcontrol.o
                0x00000000080009a0                let_p2
 .text.card_check
                0x0000000008000b34      0x1a8 Core/Src/allcontrol.o
                0x0000000008000b34                card_check
 .text.refresh_card
                0x0000000008000cdc       0x8c Core/Src/allcontrol.o
                0x0000000008000cdc                refresh_card
 .text.card_init
                0x0000000008000d68      0x124 Core/Src/allcontrol.o
                0x0000000008000d68                card_init
 .text.play_card
                0x0000000008000e8c      0x31c Core/Src/allcontrol.o
                0x0000000008000e8c                play_card
 .text.broadcast_music
                0x00000000080011a8       0xf0 Core/Src/allcontrol.o
                0x00000000080011a8                broadcast_music
 .text.display_music
                0x0000000008001298       0x3c Core/Src/allcontrol.o
                0x0000000008001298                display_music
 .text.check_time
                0x00000000080012d4       0xcc Core/Src/allmath.o
                0x00000000080012d4                check_time
 .text.next_time
                0x00000000080013a0       0xb8 Core/Src/allmath.o
                0x00000000080013a0                next_time
 .text.convert_time
                0x0000000008001458       0xdc Core/Src/allmath.o
                0x0000000008001458                convert_time
 .text.modify_time
                0x0000000008001534      0x20c Core/Src/allmath.o
                0x0000000008001534                modify_time
 .text.evaluate_array
                0x0000000008001740       0x3e Core/Src/allmath.o
                0x0000000008001740                evaluate_array
 .text.minn     0x000000000800177e       0x22 Core/Src/allmath.o
                0x000000000800177e                minn
 .text.get_card_p2
                0x00000000080017a0       0x54 Core/Src/allmath.o
                0x00000000080017a0                get_card_p2
 .text.MX_GPIO_Init
                0x00000000080017f4       0xe0 Core/Src/gpio.o
                0x00000000080017f4                MX_GPIO_Init
 .text.MX_I2C1_Init
                0x00000000080018d4       0x5c Core/Src/i2c.o
                0x00000000080018d4                MX_I2C1_Init
 .text.HAL_I2C_MspInit
                0x0000000008001930       0x7c Core/Src/i2c.o
                0x0000000008001930                HAL_I2C_MspInit
 .text.init     0x00000000080019ac       0x48 Core/Src/main.o
                0x00000000080019ac                init
 .text.page1    0x00000000080019f4       0x70 Core/Src/main.o
                0x00000000080019f4                page1
 .text.page2    0x0000000008001a64       0xa0 Core/Src/main.o
                0x0000000008001a64                page2
 .text.page3    0x0000000008001b04       0xa0 Core/Src/main.o
                0x0000000008001b04                page3
 .text.page4    0x0000000008001ba4       0xa0 Core/Src/main.o
                0x0000000008001ba4                page4
 .text.page5    0x0000000008001c44       0xa0 Core/Src/main.o
                0x0000000008001c44                page5
 .text.page2_1  0x0000000008001ce4      0x1c4 Core/Src/main.o
                0x0000000008001ce4                page2_1
 .text.page3_1  0x0000000008001ea8       0x64 Core/Src/main.o
                0x0000000008001ea8                page3_1
 .text.page4_1  0x0000000008001f0c       0x94 Core/Src/main.o
                0x0000000008001f0c                page4_1
 .text.page5_1  0x0000000008001fa0      0x11c Core/Src/main.o
                0x0000000008001fa0                page5_1
 .text.main     0x00000000080020bc      0x178 Core/Src/main.o
                0x00000000080020bc                main
 .text.SystemClock_Config
                0x0000000008002234       0x88 Core/Src/main.o
                0x0000000008002234                SystemClock_Config
 .text.HAL_TIM_PeriodElapsedCallback
                0x00000000080022bc       0x34 Core/Src/main.o
                0x00000000080022bc                HAL_TIM_PeriodElapsedCallback
 .text.Error_Handler
                0x00000000080022f0        0xc Core/Src/main.o
                0x00000000080022f0                Error_Handler
 .text.u8x8_byte_hw_i2c
                0x00000000080022fc       0xd4 Core/Src/oled.o
                0x00000000080022fc                u8x8_byte_hw_i2c
 .text.delay_us
                0x00000000080023d0       0x24 Core/Src/oled.o
                0x00000000080023d0                delay_us
 .text.u8x8_gpio_and_delay
                0x00000000080023f4      0x13c Core/Src/oled.o
                0x00000000080023f4                u8x8_gpio_and_delay
 .text.u8g2Init
                0x0000000008002530       0x3c Core/Src/oled.o
                0x0000000008002530                u8g2Init
 .text.HAL_MspInit
                0x000000000800256c       0x64 Core/Src/stm32f1xx_hal_msp.o
                0x000000000800256c                HAL_MspInit
 .text.NMI_Handler
                0x00000000080025d0        0xc Core/Src/stm32f1xx_it.o
                0x00000000080025d0                NMI_Handler
 .text.HardFault_Handler
                0x00000000080025dc        0x6 Core/Src/stm32f1xx_it.o
                0x00000000080025dc                HardFault_Handler
 .text.MemManage_Handler
                0x00000000080025e2        0x6 Core/Src/stm32f1xx_it.o
                0x00000000080025e2                MemManage_Handler
 .text.BusFault_Handler
                0x00000000080025e8        0x6 Core/Src/stm32f1xx_it.o
                0x00000000080025e8                BusFault_Handler
 .text.UsageFault_Handler
                0x00000000080025ee        0x6 Core/Src/stm32f1xx_it.o
                0x00000000080025ee                UsageFault_Handler
 .text.SVC_Handler
                0x00000000080025f4        0xc Core/Src/stm32f1xx_it.o
                0x00000000080025f4                SVC_Handler
 .text.DebugMon_Handler
                0x0000000008002600        0xc Core/Src/stm32f1xx_it.o
                0x0000000008002600                DebugMon_Handler
 .text.PendSV_Handler
                0x000000000800260c        0xc Core/Src/stm32f1xx_it.o
                0x000000000800260c                PendSV_Handler
 .text.SysTick_Handler
                0x0000000008002618        0xc Core/Src/stm32f1xx_it.o
                0x0000000008002618                SysTick_Handler
 .text.TIM6_IRQHandler
                0x0000000008002624       0x14 Core/Src/stm32f1xx_it.o
                0x0000000008002624                TIM6_IRQHandler
 .text._sbrk    0x0000000008002638       0x6c Core/Src/sysmem.o
                0x0000000008002638                _sbrk
 .text.SystemInit
                0x00000000080026a4        0xc Core/Src/system_stm32f1xx.o
                0x00000000080026a4                SystemInit
 .text.MX_TIM6_Init
                0x00000000080026b0       0x6c Core/Src/tim.o
                0x00000000080026b0                MX_TIM6_Init
 .text.HAL_TIM_Base_MspInit
                0x000000000800271c       0x4c Core/Src/tim.o
                0x000000000800271c                HAL_TIM_Base_MspInit
 .text.MX_USART1_UART_Init
                0x0000000008002768       0x54 Core/Src/usart.o
                0x0000000008002768                MX_USART1_UART_Init
 .text.HAL_UART_MspInit
                0x00000000080027bc       0x98 Core/Src/usart.o
                0x00000000080027bc                HAL_UART_MspInit
 .text.u8g2_DrawHXBM
                0x0000000008002854       0xdc Core/Src/csrc/u8g2_bitmap.o
                0x0000000008002854                u8g2_DrawHXBM
 .text.u8g2_DrawXBM
                0x0000000008002930       0x86 Core/Src/csrc/u8g2_bitmap.o
                0x0000000008002930                u8g2_DrawXBM
 .text.u8g2_ClearBuffer
                0x00000000080029b6       0x3c Core/Src/csrc/u8g2_buffer.o
                0x00000000080029b6                u8g2_ClearBuffer
 .text.u8g2_send_tile_row
                0x00000000080029f2       0x56 Core/Src/csrc/u8g2_buffer.o
 .text.u8g2_send_buffer
                0x0000000008002a48       0x54 Core/Src/csrc/u8g2_buffer.o
 .text.u8g2_SendBuffer
                0x0000000008002a9c       0x1c Core/Src/csrc/u8g2_buffer.o
                0x0000000008002a9c                u8g2_SendBuffer
 .text.u8g2_SetBufferCurrTileRow
                0x0000000008002ab8       0x30 Core/Src/csrc/u8g2_buffer.o
                0x0000000008002ab8                u8g2_SetBufferCurrTileRow
 .text.u8g2_FirstPage
                0x0000000008002ae8       0x28 Core/Src/csrc/u8g2_buffer.o
                0x0000000008002ae8                u8g2_FirstPage
 .text.u8g2_NextPage
                0x0000000008002b10       0x5c Core/Src/csrc/u8g2_buffer.o
                0x0000000008002b10                u8g2_NextPage
 .text.u8g2_ClearDisplay
                0x0000000008002b6c       0x2a Core/Src/csrc/u8g2_cleardisplay.o
                0x0000000008002b6c                u8g2_ClearDisplay
 *fill*         0x0000000008002b96        0x2 
 .text.u8g2_m_16_8_f
                0x0000000008002b98       0x20 Core/Src/csrc/u8g2_d_memory.o
                0x0000000008002b98                u8g2_m_16_8_f
 .text.u8g2_Setup_ssd1306_i2c_128x64_noname_f
                0x0000000008002bb8       0x50 Core/Src/csrc/u8g2_d_setup.o
                0x0000000008002bb8                u8g2_Setup_ssd1306_i2c_128x64_noname_f
 .text.u8g2_font_get_byte
                0x0000000008002c08       0x22 Core/Src/csrc/u8g2_font.o
 .text.u8g2_font_get_word
                0x0000000008002c2a       0x3e Core/Src/csrc/u8g2_font.o
 .text.u8g2_read_font_info
                0x0000000008002c68      0x152 Core/Src/csrc/u8g2_font.o
                0x0000000008002c68                u8g2_read_font_info
 .text.u8g2_font_decode_get_unsigned_bits
                0x0000000008002dba       0x94 Core/Src/csrc/u8g2_font.o
                0x0000000008002dba                u8g2_font_decode_get_unsigned_bits
 .text.u8g2_font_decode_get_signed_bits
                0x0000000008002e4e       0x46 Core/Src/csrc/u8g2_font.o
                0x0000000008002e4e                u8g2_font_decode_get_signed_bits
 .text.u8g2_add_vector_y
                0x0000000008002e94       0x70 Core/Src/csrc/u8g2_font.o
                0x0000000008002e94                u8g2_add_vector_y
 .text.u8g2_add_vector_x
                0x0000000008002f04       0x70 Core/Src/csrc/u8g2_font.o
                0x0000000008002f04                u8g2_add_vector_x
 .text.u8g2_font_decode_len
                0x0000000008002f74      0x110 Core/Src/csrc/u8g2_font.o
                0x0000000008002f74                u8g2_font_decode_len
 .text.u8g2_font_setup_decode
                0x0000000008003084       0x6e Core/Src/csrc/u8g2_font.o
 *fill*         0x00000000080030f2        0x2 
 .text.u8g2_font_decode_glyph
                0x00000000080030f4      0x21c Core/Src/csrc/u8g2_font.o
                0x00000000080030f4                u8g2_font_decode_glyph
 .text.u8g2_font_get_glyph_data
                0x0000000008003310      0x100 Core/Src/csrc/u8g2_font.o
                0x0000000008003310                u8g2_font_get_glyph_data
 .text.u8g2_font_draw_glyph
                0x0000000008003410       0x56 Core/Src/csrc/u8g2_font.o
 *fill*         0x0000000008003466        0x2 
 .text.u8g2_DrawGlyph
                0x0000000008003468       0xa4 Core/Src/csrc/u8g2_font.o
                0x0000000008003468                u8g2_DrawGlyph
 .text.u8g2_draw_string
                0x000000000800350c       0xb8 Core/Src/csrc/u8g2_font.o
 .text.u8g2_DrawStr
                0x00000000080035c4       0x34 Core/Src/csrc/u8g2_font.o
                0x00000000080035c4                u8g2_DrawStr
 .text.u8g2_UpdateRefHeight
                0x00000000080035f8       0xd6 Core/Src/csrc/u8g2_font.o
                0x00000000080035f8                u8g2_UpdateRefHeight
 .text.u8g2_font_calc_vref_font
                0x00000000080036ce       0x14 Core/Src/csrc/u8g2_font.o
                0x00000000080036ce                u8g2_font_calc_vref_font
 *fill*         0x00000000080036e2        0x2 
 .text.u8g2_SetFontPosBaseline
                0x00000000080036e4       0x1c Core/Src/csrc/u8g2_font.o
                0x00000000080036e4                u8g2_SetFontPosBaseline
 .text.u8g2_SetFont
                0x0000000008003700       0x34 Core/Src/csrc/u8g2_font.o
                0x0000000008003700                u8g2_SetFont
 .text.u8g2_clip_intersection2
                0x0000000008003734       0x9a Core/Src/csrc/u8g2_hvline.o
 .text.u8g2_draw_hv_line_2dir
                0x00000000080037ce       0x42 Core/Src/csrc/u8g2_hvline.o
                0x00000000080037ce                u8g2_draw_hv_line_2dir
 .text.u8g2_DrawHVLine
                0x0000000008003810      0x116 Core/Src/csrc/u8g2_hvline.o
                0x0000000008003810                u8g2_DrawHVLine
 .text.u8g2_is_intersection_decision_tree
                0x0000000008003926       0x66 Core/Src/csrc/u8g2_intersection.o
                0x0000000008003926                u8g2_is_intersection_decision_tree
 .text.u8g2_IsIntersection
                0x000000000800398c       0x56 Core/Src/csrc/u8g2_intersection.o
                0x000000000800398c                u8g2_IsIntersection
 .text.u8g2_ll_hvline_vertical_top_lsb
                0x00000000080039e2      0x13e Core/Src/csrc/u8g2_ll_hvline.o
                0x00000000080039e2                u8g2_ll_hvline_vertical_top_lsb
 .text.u8g2_SetMaxClipWindow
                0x0000000008003b20       0x3e Core/Src/csrc/u8g2_setup.o
                0x0000000008003b20                u8g2_SetMaxClipWindow
 .text.u8g2_SetupBuffer
                0x0000000008003b5e       0x7e Core/Src/csrc/u8g2_setup.o
                0x0000000008003b5e                u8g2_SetupBuffer
 .text.u8g2_update_dimension_common
                0x0000000008003bdc       0xc0 Core/Src/csrc/u8g2_setup.o
 .text.u8g2_apply_clip_window
                0x0000000008003c9c       0xba Core/Src/csrc/u8g2_setup.o
 .text.u8g2_update_dimension_r0
                0x0000000008003d56       0x16 Core/Src/csrc/u8g2_setup.o
                0x0000000008003d56                u8g2_update_dimension_r0
 .text.u8g2_update_page_win_r0
                0x0000000008003d6c       0x42 Core/Src/csrc/u8g2_setup.o
                0x0000000008003d6c                u8g2_update_page_win_r0
 .text.u8g2_draw_l90_r0
                0x0000000008003dae       0x34 Core/Src/csrc/u8g2_setup.o
                0x0000000008003dae                u8g2_draw_l90_r0
 .text.u8x8_utf8_init
                0x0000000008003de2       0x1a Core/Src/csrc/u8x8_8x8.o
                0x0000000008003de2                u8x8_utf8_init
 .text.u8x8_ascii_next
                0x0000000008003dfc       0x2c Core/Src/csrc/u8x8_8x8.o
                0x0000000008003dfc                u8x8_ascii_next
 .text.u8x8_byte_SendBytes
                0x0000000008003e28       0x26 Core/Src/csrc/u8x8_byte.o
                0x0000000008003e28                u8x8_byte_SendBytes
 .text.u8x8_byte_SendByte
                0x0000000008003e4e       0x22 Core/Src/csrc/u8x8_byte.o
                0x0000000008003e4e                u8x8_byte_SendByte
 .text.u8x8_byte_StartTransfer
                0x0000000008003e70       0x20 Core/Src/csrc/u8x8_byte.o
                0x0000000008003e70                u8x8_byte_StartTransfer
 .text.u8x8_byte_EndTransfer
                0x0000000008003e90       0x20 Core/Src/csrc/u8x8_byte.o
                0x0000000008003e90                u8x8_byte_EndTransfer
 .text.u8x8_cad_SendCmd
                0x0000000008003eb0       0x24 Core/Src/csrc/u8x8_cad.o
                0x0000000008003eb0                u8x8_cad_SendCmd
 .text.u8x8_cad_SendArg
                0x0000000008003ed4       0x24 Core/Src/csrc/u8x8_cad.o
                0x0000000008003ed4                u8x8_cad_SendArg
 .text.u8x8_cad_SendData
                0x0000000008003ef8       0x26 Core/Src/csrc/u8x8_cad.o
                0x0000000008003ef8                u8x8_cad_SendData
 .text.u8x8_cad_StartTransfer
                0x0000000008003f1e       0x20 Core/Src/csrc/u8x8_cad.o
                0x0000000008003f1e                u8x8_cad_StartTransfer
 .text.u8x8_cad_EndTransfer
                0x0000000008003f3e       0x20 Core/Src/csrc/u8x8_cad.o
                0x0000000008003f3e                u8x8_cad_EndTransfer
 .text.u8x8_cad_SendSequence
                0x0000000008003f5e       0x9c Core/Src/csrc/u8x8_cad.o
                0x0000000008003f5e                u8x8_cad_SendSequence
 .text.u8x8_i2c_data_transfer
                0x0000000008003ffa       0x38 Core/Src/csrc/u8x8_cad.o
 *fill*         0x0000000008004032        0x2 
 .text.u8x8_cad_ssd13xx_fast_i2c
                0x0000000008004034      0x10c Core/Src/csrc/u8x8_cad.o
                0x0000000008004034                u8x8_cad_ssd13xx_fast_i2c
 .text.u8x8_d_ssd1306_sh1106_generic
                0x0000000008004140      0x150 Core/Src/csrc/u8x8_d_ssd1306_128x64_noname.o
 .text.u8x8_d_ssd1306_128x64_noname
                0x0000000008004290       0x64 Core/Src/csrc/u8x8_d_ssd1306_128x64_noname.o
                0x0000000008004290                u8x8_d_ssd1306_128x64_noname
 .text.u8x8_d_helper_display_setup_memory
                0x00000000080042f4       0x26 Core/Src/csrc/u8x8_display.o
                0x00000000080042f4                u8x8_d_helper_display_setup_memory
 .text.u8x8_d_helper_display_init
                0x000000000800431a       0x7a Core/Src/csrc/u8x8_display.o
                0x000000000800431a                u8x8_d_helper_display_init
 .text.u8x8_DrawTile
                0x0000000008004394       0x44 Core/Src/csrc/u8x8_display.o
                0x0000000008004394                u8x8_DrawTile
 .text.u8x8_SetupMemory
                0x00000000080043d8       0x1e Core/Src/csrc/u8x8_display.o
                0x00000000080043d8                u8x8_SetupMemory
 .text.u8x8_InitDisplay
                0x00000000080043f6       0x1e Core/Src/csrc/u8x8_display.o
                0x00000000080043f6                u8x8_InitDisplay
 .text.u8x8_SetPowerSave
                0x0000000008004414       0x22 Core/Src/csrc/u8x8_display.o
                0x0000000008004414                u8x8_SetPowerSave
 .text.u8x8_RefreshDisplay
                0x0000000008004436       0x1e Core/Src/csrc/u8x8_display.o
                0x0000000008004436                u8x8_RefreshDisplay
 .text.u8x8_gpio_call
                0x0000000008004454       0x26 Core/Src/csrc/u8x8_gpio.o
                0x0000000008004454                u8x8_gpio_call
 .text.u8x8_dummy_cb
                0x000000000800447a       0x1e Core/Src/csrc/u8x8_setup.o
                0x000000000800447a                u8x8_dummy_cb
 .text.u8x8_SetupDefaults
                0x0000000008004498       0x5c Core/Src/csrc/u8x8_setup.o
                0x0000000008004498                u8x8_SetupDefaults
 .text.u8x8_Setup
                0x00000000080044f4       0x3a Core/Src/csrc/u8x8_setup.o
                0x00000000080044f4                u8x8_Setup
 *fill*         0x000000000800452e        0x2 
 .text.Reset_Handler
                0x0000000008004530       0x48 Core/Startup/startup_stm32f103rctx.o
                0x0000000008004530                Reset_Handler
 .text.Default_Handler
                0x0000000008004578        0x2 Core/Startup/startup_stm32f103rctx.o
                0x0000000008004578                RTC_Alarm_IRQHandler
                0x0000000008004578                EXTI2_IRQHandler
                0x0000000008004578                TIM8_TRG_COM_IRQHandler
                0x0000000008004578                TIM8_CC_IRQHandler
                0x0000000008004578                TIM1_CC_IRQHandler
                0x0000000008004578                PVD_IRQHandler
                0x0000000008004578                SDIO_IRQHandler
                0x0000000008004578                EXTI3_IRQHandler
                0x0000000008004578                EXTI0_IRQHandler
                0x0000000008004578                I2C2_EV_IRQHandler
                0x0000000008004578                ADC1_2_IRQHandler
                0x0000000008004578                SPI1_IRQHandler
                0x0000000008004578                TAMPER_IRQHandler
                0x0000000008004578                TIM8_UP_IRQHandler
                0x0000000008004578                DMA2_Channel2_IRQHandler
                0x0000000008004578                DMA1_Channel4_IRQHandler
                0x0000000008004578                USART3_IRQHandler
                0x0000000008004578                RTC_IRQHandler
                0x0000000008004578                DMA1_Channel7_IRQHandler
                0x0000000008004578                CAN1_RX1_IRQHandler
                0x0000000008004578                UART5_IRQHandler
                0x0000000008004578                ADC3_IRQHandler
                0x0000000008004578                TIM4_IRQHandler
                0x0000000008004578                DMA2_Channel1_IRQHandler
                0x0000000008004578                I2C1_EV_IRQHandler
                0x0000000008004578                DMA1_Channel6_IRQHandler
                0x0000000008004578                UART4_IRQHandler
                0x0000000008004578                TIM3_IRQHandler
                0x0000000008004578                RCC_IRQHandler
                0x0000000008004578                TIM1_TRG_COM_IRQHandler
                0x0000000008004578                DMA1_Channel1_IRQHandler
                0x0000000008004578                Default_Handler
                0x0000000008004578                EXTI15_10_IRQHandler
                0x0000000008004578                TIM7_IRQHandler
                0x0000000008004578                TIM5_IRQHandler
                0x0000000008004578                EXTI9_5_IRQHandler
                0x0000000008004578                SPI2_IRQHandler
                0x0000000008004578                DMA1_Channel5_IRQHandler
                0x0000000008004578                EXTI4_IRQHandler
                0x0000000008004578                USB_LP_CAN1_RX0_IRQHandler
                0x0000000008004578                USB_HP_CAN1_TX_IRQHandler
                0x0000000008004578                DMA1_Channel3_IRQHandler
                0x0000000008004578                FSMC_IRQHandler
                0x0000000008004578                TIM1_UP_IRQHandler
                0x0000000008004578                WWDG_IRQHandler
                0x0000000008004578                TIM2_IRQHandler
                0x0000000008004578                TIM1_BRK_IRQHandler
                0x0000000008004578                EXTI1_IRQHandler
                0x0000000008004578                DMA2_Channel4_5_IRQHandler
                0x0000000008004578                USART2_IRQHandler
                0x0000000008004578                I2C2_ER_IRQHandler
                0x0000000008004578                DMA1_Channel2_IRQHandler
                0x0000000008004578                TIM8_BRK_IRQHandler
                0x0000000008004578                CAN1_SCE_IRQHandler
                0x0000000008004578                FLASH_IRQHandler
                0x0000000008004578                USART1_IRQHandler
                0x0000000008004578                SPI3_IRQHandler
                0x0000000008004578                I2C1_ER_IRQHandler
                0x0000000008004578                USBWakeUp_IRQHandler
                0x0000000008004578                DMA2_Channel3_IRQHandler
 *fill*         0x000000000800457a        0x2 
 .text.HAL_Init
                0x000000000800457c       0x2c Drivers/STM32F1xx_HAL_Driver/Src/stm32f1xx_hal.o
                0x000000000800457c                HAL_Init
 .text.HAL_InitTick
                0x00000000080045a8       0x60 Drivers/STM32F1xx_HAL_Driver/Src/stm32f1xx_hal.o
                0x00000000080045a8                HAL_InitTick
 .text.HAL_IncTick
                0x0000000008004608       0x24 Drivers/STM32F1xx_HAL_Driver/Src/stm32f1xx_hal.o
                0x0000000008004608                HAL_IncTick
 .text.HAL_GetTick
                0x000000000800462c       0x14 Drivers/STM32F1xx_HAL_Driver/Src/stm32f1xx_hal.o
                0x000000000800462c                HAL_GetTick
 .text.HAL_Delay
                0x0000000008004640       0x44 Drivers/STM32F1xx_HAL_Driver/Src/stm32f1xx_hal.o
                0x0000000008004640                HAL_Delay
 .text.__NVIC_SetPriorityGrouping
                0x0000000008004684       0x48 Drivers/STM32F1xx_HAL_Driver/Src/stm32f1xx_hal_cortex.o
 .text.__NVIC_GetPriorityGrouping
                0x00000000080046cc       0x1c Drivers/STM32F1xx_HAL_Driver/Src/stm32f1xx_hal_cortex.o
 .text.__NVIC_EnableIRQ
                0x00000000080046e8       0x38 Drivers/STM32F1xx_HAL_Driver/Src/stm32f1xx_hal_cortex.o
 .text.__NVIC_SetPriority
                0x0000000008004720       0x54 Drivers/STM32F1xx_HAL_Driver/Src/stm32f1xx_hal_cortex.o
 .text.NVIC_EncodePriority
                0x0000000008004774       0x64 Drivers/STM32F1xx_HAL_Driver/Src/stm32f1xx_hal_cortex.o
 .text.SysTick_Config
                0x00000000080047d8       0x44 Drivers/STM32F1xx_HAL_Driver/Src/stm32f1xx_hal_cortex.o
 .text.HAL_NVIC_SetPriorityGrouping
                0x000000000800481c       0x16 Drivers/STM32F1xx_HAL_Driver/Src/stm32f1xx_hal_cortex.o
                0x000000000800481c                HAL_NVIC_SetPriorityGrouping
 .text.HAL_NVIC_SetPriority
                0x0000000008004832       0x38 Drivers/STM32F1xx_HAL_Driver/Src/stm32f1xx_hal_cortex.o
                0x0000000008004832                HAL_NVIC_SetPriority
 .text.HAL_NVIC_EnableIRQ
                0x000000000800486a       0x1c Drivers/STM32F1xx_HAL_Driver/Src/stm32f1xx_hal_cortex.o
                0x000000000800486a                HAL_NVIC_EnableIRQ
 .text.HAL_SYSTICK_Config
                0x0000000008004886       0x18 Drivers/STM32F1xx_HAL_Driver/Src/stm32f1xx_hal_cortex.o
                0x0000000008004886                HAL_SYSTICK_Config
 *fill*         0x000000000800489e        0x2 
 .text.HAL_GPIO_Init
                0x00000000080048a0      0x2d4 Drivers/STM32F1xx_HAL_Driver/Src/stm32f1xx_hal_gpio.o
                0x00000000080048a0                HAL_GPIO_Init
 .text.HAL_GPIO_ReadPin
                0x0000000008004b74       0x2e Drivers/STM32F1xx_HAL_Driver/Src/stm32f1xx_hal_gpio.o
                0x0000000008004b74                HAL_GPIO_ReadPin
 .text.HAL_GPIO_WritePin
                0x0000000008004ba2       0x30 Drivers/STM32F1xx_HAL_Driver/Src/stm32f1xx_hal_gpio.o
                0x0000000008004ba2                HAL_GPIO_WritePin
 .text.HAL_GPIO_TogglePin
                0x0000000008004bd2       0x32 Drivers/STM32F1xx_HAL_Driver/Src/stm32f1xx_hal_gpio.o
                0x0000000008004bd2                HAL_GPIO_TogglePin
 .text.HAL_I2C_Init
                0x0000000008004c04      0x270 Drivers/STM32F1xx_HAL_Driver/Src/stm32f1xx_hal_i2c.o
                0x0000000008004c04                HAL_I2C_Init
 .text.HAL_I2C_Master_Transmit
                0x0000000008004e74      0x1fc Drivers/STM32F1xx_HAL_Driver/Src/stm32f1xx_hal_i2c.o
                0x0000000008004e74                HAL_I2C_Master_Transmit
 .text.I2C_MasterRequestWrite
                0x0000000008005070      0x104 Drivers/STM32F1xx_HAL_Driver/Src/stm32f1xx_hal_i2c.o
 .text.I2C_WaitOnFlagUntilTimeout
                0x0000000008005174       0xae Drivers/STM32F1xx_HAL_Driver/Src/stm32f1xx_hal_i2c.o
 .text.I2C_WaitOnMasterAddressFlagUntilTimeout
                0x0000000008005222       0xfe Drivers/STM32F1xx_HAL_Driver/Src/stm32f1xx_hal_i2c.o
 .text.I2C_WaitOnTXEFlagUntilTimeout
                0x0000000008005320       0x82 Drivers/STM32F1xx_HAL_Driver/Src/stm32f1xx_hal_i2c.o
 .text.I2C_WaitOnBTFFlagUntilTimeout
                0x00000000080053a2       0x82 Drivers/STM32F1xx_HAL_Driver/Src/stm32f1xx_hal_i2c.o
 .text.I2C_IsAcknowledgeFailed
                0x0000000008005424       0x5c Drivers/STM32F1xx_HAL_Driver/Src/stm32f1xx_hal_i2c.o
 .text.HAL_RCC_OscConfig
                0x0000000008005480      0x500 Drivers/STM32F1xx_HAL_Driver/Src/stm32f1xx_hal_rcc.o
                0x0000000008005480                HAL_RCC_OscConfig
 .text.HAL_RCC_ClockConfig
                0x0000000008005980      0x1d4 Drivers/STM32F1xx_HAL_Driver/Src/stm32f1xx_hal_rcc.o
                0x0000000008005980                HAL_RCC_ClockConfig
 .text.HAL_RCC_GetSysClockFreq
                0x0000000008005b54       0xc4 Drivers/STM32F1xx_HAL_Driver/Src/stm32f1xx_hal_rcc.o
                0x0000000008005b54                HAL_RCC_GetSysClockFreq
 .text.HAL_RCC_GetHCLKFreq
                0x0000000008005c18       0x14 Drivers/STM32F1xx_HAL_Driver/Src/stm32f1xx_hal_rcc.o
                0x0000000008005c18                HAL_RCC_GetHCLKFreq
 .text.HAL_RCC_GetPCLK1Freq
                0x0000000008005c2c       0x28 Drivers/STM32F1xx_HAL_Driver/Src/stm32f1xx_hal_rcc.o
                0x0000000008005c2c                HAL_RCC_GetPCLK1Freq
 .text.HAL_RCC_GetPCLK2Freq
                0x0000000008005c54       0x28 Drivers/STM32F1xx_HAL_Driver/Src/stm32f1xx_hal_rcc.o
                0x0000000008005c54                HAL_RCC_GetPCLK2Freq
 .text.RCC_Delay
                0x0000000008005c7c       0x3c Drivers/STM32F1xx_HAL_Driver/Src/stm32f1xx_hal_rcc.o
 .text.HAL_TIM_Base_Init
                0x0000000008005cb8       0x9e Drivers/STM32F1xx_HAL_Driver/Src/stm32f1xx_hal_tim.o
                0x0000000008005cb8                HAL_TIM_Base_Init
 *fill*         0x0000000008005d56        0x2 
 .text.HAL_TIM_Base_Start_IT
                0x0000000008005d58       0xc0 Drivers/STM32F1xx_HAL_Driver/Src/stm32f1xx_hal_tim.o
                0x0000000008005d58                HAL_TIM_Base_Start_IT
 .text.HAL_TIM_IRQHandler
                0x0000000008005e18      0x210 Drivers/STM32F1xx_HAL_Driver/Src/stm32f1xx_hal_tim.o
                0x0000000008005e18                HAL_TIM_IRQHandler
 .text.HAL_TIM_OC_DelayElapsedCallback
                0x0000000008006028       0x12 Drivers/STM32F1xx_HAL_Driver/Src/stm32f1xx_hal_tim.o
                0x0000000008006028                HAL_TIM_OC_DelayElapsedCallback
 .text.HAL_TIM_IC_CaptureCallback
                0x000000000800603a       0x12 Drivers/STM32F1xx_HAL_Driver/Src/stm32f1xx_hal_tim.o
                0x000000000800603a                HAL_TIM_IC_CaptureCallback
 .text.HAL_TIM_PWM_PulseFinishedCallback
                0x000000000800604c       0x12 Drivers/STM32F1xx_HAL_Driver/Src/stm32f1xx_hal_tim.o
                0x000000000800604c                HAL_TIM_PWM_PulseFinishedCallback
 .text.HAL_TIM_TriggerCallback
                0x000000000800605e       0x12 Drivers/STM32F1xx_HAL_Driver/Src/stm32f1xx_hal_tim.o
                0x000000000800605e                HAL_TIM_TriggerCallback
 .text.TIM_Base_SetConfig
                0x0000000008006070       0xf4 Drivers/STM32F1xx_HAL_Driver/Src/stm32f1xx_hal_tim.o
                0x0000000008006070                TIM_Base_SetConfig
 .text.HAL_TIMEx_MasterConfigSynchronization
                0x0000000008006164       0xd8 Drivers/STM32F1xx_HAL_Driver/Src/stm32f1xx_hal_tim_ex.o
                0x0000000008006164                HAL_TIMEx_MasterConfigSynchronization
 .text.HAL_TIMEx_CommutCallback
                0x000000000800623c       0x12 Drivers/STM32F1xx_HAL_Driver/Src/stm32f1xx_hal_tim_ex.o
                0x000000000800623c                HAL_TIMEx_CommutCallback
 .text.HAL_TIMEx_BreakCallback
                0x000000000800624e       0x12 Drivers/STM32F1xx_HAL_Driver/Src/stm32f1xx_hal_tim_ex.o
                0x000000000800624e                HAL_TIMEx_BreakCallback
 .text.HAL_UART_Init
                0x0000000008006260       0x9a Drivers/STM32F1xx_HAL_Driver/Src/stm32f1xx_hal_uart.o
                0x0000000008006260                HAL_UART_Init
 *fill*         0x00000000080062fa        0x2 
 .text.UART_SetConfig
                0x00000000080062fc      0x11c Drivers/STM32F1xx_HAL_Driver/Src/stm32f1xx_hal_uart.o
 .text.__errno  0x0000000008006418        0xc d:/cubeide/stm32cubeide_1.4.0/stm32cubeide/plugins/com.st.stm32cube.ide.mcu.externaltools.gnu-tools-for-stm32.7-2018-q2-update.win32_1.4.0.202007081208/tools/bin/../lib/gcc/arm-none-eabi/7.3.1/../../../../arm-none-eabi/lib/thumb/v7-m\libc_nano.a(lib_a-errno.o)
                0x0000000008006418                __errno
 .text.__libc_init_array
                0x0000000008006424       0x48 d:/cubeide/stm32cubeide_1.4.0/stm32cubeide/plugins/com.st.stm32cube.ide.mcu.externaltools.gnu-tools-for-stm32.7-2018-q2-update.win32_1.4.0.202007081208/tools/bin/../lib/gcc/arm-none-eabi/7.3.1/../../../../arm-none-eabi/lib/thumb/v7-m\libc_nano.a(lib_a-init.o)
                0x0000000008006424                __libc_init_array
 .text.memcpy   0x000000000800646c       0x16 d:/cubeide/stm32cubeide_1.4.0/stm32cubeide/plugins/com.st.stm32cube.ide.mcu.externaltools.gnu-tools-for-stm32.7-2018-q2-update.win32_1.4.0.202007081208/tools/bin/../lib/gcc/arm-none-eabi/7.3.1/../../../../arm-none-eabi/lib/thumb/v7-m\libc_nano.a(lib_a-memcpy-stub.o)
                0x000000000800646c                memcpy
 .text.memset   0x0000000008006482       0x10 d:/cubeide/stm32cubeide_1.4.0/stm32cubeide/plugins/com.st.stm32cube.ide.mcu.externaltools.gnu-tools-for-stm32.7-2018-q2-update.win32_1.4.0.202007081208/tools/bin/../lib/gcc/arm-none-eabi/7.3.1/../../../../arm-none-eabi/lib/thumb/v7-m\libc_nano.a(lib_a-memset.o)
                0x0000000008006482                memset
 *fill*         0x0000000008006492        0x2 
 .text.srand    0x0000000008006494       0x48 d:/cubeide/stm32cubeide_1.4.0/stm32cubeide/plugins/com.st.stm32cube.ide.mcu.externaltools.gnu-tools-for-stm32.7-2018-q2-update.win32_1.4.0.202007081208/tools/bin/../lib/gcc/arm-none-eabi/7.3.1/../../../../arm-none-eabi/lib/thumb/v7-m\libc_nano.a(lib_a-rand.o)
                0x0000000008006494                srand
 .text.rand     0x00000000080064dc       0x68 d:/cubeide/stm32cubeide_1.4.0/stm32cubeide/plugins/com.st.stm32cube.ide.mcu.externaltools.gnu-tools-for-stm32.7-2018-q2-update.win32_1.4.0.202007081208/tools/bin/../lib/gcc/arm-none-eabi/7.3.1/../../../../arm-none-eabi/lib/thumb/v7-m\libc_nano.a(lib_a-rand.o)
                0x00000000080064dc                rand
 .text.malloc   0x0000000008006544       0x10 d:/cubeide/stm32cubeide_1.4.0/stm32cubeide/plugins/com.st.stm32cube.ide.mcu.externaltools.gnu-tools-for-stm32.7-2018-q2-update.win32_1.4.0.202007081208/tools/bin/../lib/gcc/arm-none-eabi/7.3.1/../../../../arm-none-eabi/lib/thumb/v7-m\libc_nano.a(lib_a-malloc.o)
                0x0000000008006544                malloc
 .text._malloc_r
                0x0000000008006554       0xb4 d:/cubeide/stm32cubeide_1.4.0/stm32cubeide/plugins/com.st.stm32cube.ide.mcu.externaltools.gnu-tools-for-stm32.7-2018-q2-update.win32_1.4.0.202007081208/tools/bin/../lib/gcc/arm-none-eabi/7.3.1/../../../../arm-none-eabi/lib/thumb/v7-m\libc_nano.a(lib_a-nano-mallocr.o)
                0x0000000008006554                _malloc_r
 .text._sbrk_r  0x0000000008006608       0x20 d:/cubeide/stm32cubeide_1.4.0/stm32cubeide/plugins/com.st.stm32cube.ide.mcu.externaltools.gnu-tools-for-stm32.7-2018-q2-update.win32_1.4.0.202007081208/tools/bin/../lib/gcc/arm-none-eabi/7.3.1/../../../../arm-none-eabi/lib/thumb/v7-m\libc_nano.a(lib_a-sbrkr.o)
                0x0000000008006608                _sbrk_r
 .text.__malloc_lock
                0x0000000008006628        0x2 d:/cubeide/stm32cubeide_1.4.0/stm32cubeide/plugins/com.st.stm32cube.ide.mcu.externaltools.gnu-tools-for-stm32.7-2018-q2-update.win32_1.4.0.202007081208/tools/bin/../lib/gcc/arm-none-eabi/7.3.1/../../../../arm-none-eabi/lib/thumb/v7-m\libc_nano.a(lib_a-mlock.o)
                0x0000000008006628                __malloc_lock
 .text.__malloc_unlock
                0x000000000800662a        0x2 d:/cubeide/stm32cubeide_1.4.0/stm32cubeide/plugins/com.st.stm32cube.ide.mcu.externaltools.gnu-tools-for-stm32.7-2018-q2-update.win32_1.4.0.202007081208/tools/bin/../lib/gcc/arm-none-eabi/7.3.1/../../../../arm-none-eabi/lib/thumb/v7-m\libc_nano.a(lib_a-mlock.o)
                0x000000000800662a                __malloc_unlock
 *(.glue_7)
 .glue_7        0x000000000800662c        0x0 linker stubs
 *(.glue_7t)
 .glue_7t       0x000000000800662c        0x0 linker stubs
 *(.eh_frame)
 .eh_frame      0x000000000800662c        0x0 d:/cubeide/stm32cubeide_1.4.0/stm32cubeide/plugins/com.st.stm32cube.ide.mcu.externaltools.gnu-tools-for-stm32.7-2018-q2-update.win32_1.4.0.202007081208/tools/bin/../lib/gcc/arm-none-eabi/7.3.1/thumb/v7-m/crtbegin.o
 *(.init)
 .init          0x000000000800662c        0x4 d:/cubeide/stm32cubeide_1.4.0/stm32cubeide/plugins/com.st.stm32cube.ide.mcu.externaltools.gnu-tools-for-stm32.7-2018-q2-update.win32_1.4.0.202007081208/tools/bin/../lib/gcc/arm-none-eabi/7.3.1/thumb/v7-m/crti.o
                0x000000000800662c                _init
 .init          0x0000000008006630        0x8 d:/cubeide/stm32cubeide_1.4.0/stm32cubeide/plugins/com.st.stm32cube.ide.mcu.externaltools.gnu-tools-for-stm32.7-2018-q2-update.win32_1.4.0.202007081208/tools/bin/../lib/gcc/arm-none-eabi/7.3.1/thumb/v7-m/crtn.o
 *(.fini)
 .fini          0x0000000008006638        0x4 d:/cubeide/stm32cubeide_1.4.0/stm32cubeide/plugins/com.st.stm32cube.ide.mcu.externaltools.gnu-tools-for-stm32.7-2018-q2-update.win32_1.4.0.202007081208/tools/bin/../lib/gcc/arm-none-eabi/7.3.1/thumb/v7-m/crti.o
                0x0000000008006638                _fini
 .fini          0x000000000800663c        0x8 d:/cubeide/stm32cubeide_1.4.0/stm32cubeide/plugins/com.st.stm32cube.ide.mcu.externaltools.gnu-tools-for-stm32.7-2018-q2-update.win32_1.4.0.202007081208/tools/bin/../lib/gcc/arm-none-eabi/7.3.1/thumb/v7-m/crtn.o
                0x0000000008006644                . = ALIGN (0x4)
                0x0000000008006644                _etext = .

.vfp11_veneer   0x0000000008006644        0x0
 .vfp11_veneer  0x0000000008006644        0x0 linker stubs

.v4_bx          0x0000000008006644        0x0
 .v4_bx         0x0000000008006644        0x0 linker stubs

.iplt           0x0000000008006644        0x0
 .iplt          0x0000000008006644        0x0 d:/cubeide/stm32cubeide_1.4.0/stm32cubeide/plugins/com.st.stm32cube.ide.mcu.externaltools.gnu-tools-for-stm32.7-2018-q2-update.win32_1.4.0.202007081208/tools/bin/../lib/gcc/arm-none-eabi/7.3.1/thumb/v7-m/crtbegin.o

.rodata         0x0000000008006644     0x84f8
                0x0000000008006644                . = ALIGN (0x4)
 *(.rodata)
 .rodata        0x0000000008006644       0xc4 Core/Src/allcontrol.o
 .rodata        0x0000000008006708       0x22 Core/Src/main.o
 *fill*         0x000000000800672a        0x2 
 .rodata        0x000000000800672c       0x12 Drivers/STM32F1xx_HAL_Driver/Src/stm32f1xx_hal_rcc.o
 *(.rodata*)
 *fill*         0x000000000800673e        0x2 
 .rodata.music_tone
                0x0000000008006740       0x58 Core/Src/allcontrol.o
 .rodata.music_1_p
                0x0000000008006798      0x2f0 Core/Src/allcontrol.o
 .rodata.music_1_l
                0x0000000008006a88      0x2e4 Core/Src/allcontrol.o
 .rodata.music_2_p
                0x0000000008006d6c       0x90 Core/Src/allcontrol.o
 .rodata.music_2_l
                0x0000000008006dfc       0x84 Core/Src/allcontrol.o
 .rodata.tem_pic
                0x0000000008006e80       0x80 Core/Src/main.o
 .rodata.set_pic
                0x0000000008006f00       0x80 Core/Src/main.o
 .rodata.card_pic
                0x0000000008006f80       0x80 Core/Src/main.o
 .rodata.music_pic
                0x0000000008007000       0x80 Core/Src/main.o
 .rodata.AHBPrescTable
                0x0000000008007080       0x10 Core/Src/system_stm32f1xx.o
                0x0000000008007080                AHBPrescTable
 .rodata.APBPrescTable
                0x0000000008007090        0x8 Core/Src/system_stm32f1xx.o
                0x0000000008007090                APBPrescTable
 .rodata.u8g2_font_t0_14_mf
                0x0000000008007098      0xb8c Core/Src/csrc/u8g2_fonts.o
                0x0000000008007098                u8g2_font_t0_14_mf
 .rodata.u8g2_font_siji_t_6x10
                0x0000000008007c24     0x2980 Core/Src/csrc/u8g2_fonts.o
                0x0000000008007c24                u8g2_font_siji_t_6x10
 .rodata.u8g2_font_inr21_mf
                0x000000000800a5a4     0x1e51 Core/Src/csrc/u8g2_fonts.o
                0x000000000800a5a4                u8g2_font_inr21_mf
 *fill*         0x000000000800c3f5        0x3 
 .rodata.u8g2_font_unifont_t_cards
                0x000000000800c3f8      0xb1e Core/Src/csrc/u8g2_fonts.o
                0x000000000800c3f8                u8g2_font_unifont_t_cards
 *fill*         0x000000000800cf16        0x2 
 .rodata.u8g2_font_5x7_tf
                0x000000000800cf18      0x68d Core/Src/csrc/u8g2_fonts.o
                0x000000000800cf18                u8g2_font_5x7_tf
 *fill*         0x000000000800d5a5        0x3 
 .rodata.u8g2_font_6x12_t_symbols
                0x000000000800d5a8     0x1516 Core/Src/csrc/u8g2_fonts.o
                0x000000000800d5a8                u8g2_font_6x12_t_symbols
 *fill*         0x000000000800eabe        0x2 
 .rodata.u8g2_cb_r0
                0x000000000800eac0        0xc Core/Src/csrc/u8g2_setup.o
                0x000000000800eac0                u8g2_cb_r0
 .rodata.u8x8_d_ssd1306_128x64_noname_init_seq
                0x000000000800eacc       0x35 Core/Src/csrc/u8x8_d_ssd1306_128x64_noname.o
 *fill*         0x000000000800eb01        0x3 
 .rodata.u8x8_d_ssd1306_128x64_noname_powersave0_seq
                0x000000000800eb04        0x5 Core/Src/csrc/u8x8_d_ssd1306_128x64_noname.o
 *fill*         0x000000000800eb09        0x3 
 .rodata.u8x8_d_ssd1306_128x64_noname_powersave1_seq
                0x000000000800eb0c        0x5 Core/Src/csrc/u8x8_d_ssd1306_128x64_noname.o
 *fill*         0x000000000800eb11        0x3 
 .rodata.u8x8_d_ssd1306_128x64_noname_flip0_seq
                0x000000000800eb14        0x7 Core/Src/csrc/u8x8_d_ssd1306_128x64_noname.o
 *fill*         0x000000000800eb1b        0x1 
 .rodata.u8x8_d_ssd1306_128x64_noname_flip1_seq
                0x000000000800eb1c        0x7 Core/Src/csrc/u8x8_d_ssd1306_128x64_noname.o
 *fill*         0x000000000800eb23        0x1 
 .rodata.u8x8_ssd1306_128x64_noname_display_info
                0x000000000800eb24       0x18 Core/Src/csrc/u8x8_d_ssd1306_128x64_noname.o
                0x000000000800eb3c                . = ALIGN (0x4)

.rel.dyn        0x000000000800eb3c        0x0
 .rel.iplt      0x000000000800eb3c        0x0 d:/cubeide/stm32cubeide_1.4.0/stm32cubeide/plugins/com.st.stm32cube.ide.mcu.externaltools.gnu-tools-for-stm32.7-2018-q2-update.win32_1.4.0.202007081208/tools/bin/../lib/gcc/arm-none-eabi/7.3.1/thumb/v7-m/crtbegin.o

.ARM.extab      0x000000000800eb3c        0x0
                0x000000000800eb3c                . = ALIGN (0x4)
 *(.ARM.extab* .gnu.linkonce.armextab.*)
                0x000000000800eb3c                . = ALIGN (0x4)

.ARM            0x000000000800eb3c        0x0
                0x000000000800eb3c                . = ALIGN (0x4)
                0x000000000800eb3c                __exidx_start = .
 *(.ARM.exidx*)
                0x000000000800eb3c                __exidx_end = .
                0x000000000800eb3c                . = ALIGN (0x4)

.preinit_array  0x000000000800eb3c        0x0
                0x000000000800eb3c                . = ALIGN (0x4)
                0x000000000800eb3c                PROVIDE (__preinit_array_start = .)
 *(.preinit_array*)
                0x000000000800eb3c                PROVIDE (__preinit_array_end = .)
                0x000000000800eb3c                . = ALIGN (0x4)

.init_array     0x000000000800eb3c        0x4
                0x000000000800eb3c                . = ALIGN (0x4)
                0x000000000800eb3c                PROVIDE (__init_array_start = .)
 *(SORT_BY_NAME(.init_array.*))
 *(.init_array*)
 .init_array    0x000000000800eb3c        0x4 d:/cubeide/stm32cubeide_1.4.0/stm32cubeide/plugins/com.st.stm32cube.ide.mcu.externaltools.gnu-tools-for-stm32.7-2018-q2-update.win32_1.4.0.202007081208/tools/bin/../lib/gcc/arm-none-eabi/7.3.1/thumb/v7-m/crtbegin.o
                0x000000000800eb40                PROVIDE (__init_array_end = .)
                0x000000000800eb40                . = ALIGN (0x4)

.fini_array     0x000000000800eb40        0x4
                0x000000000800eb40                . = ALIGN (0x4)
                [!provide]                        PROVIDE (__fini_array_start = .)
 *(SORT_BY_NAME(.fini_array.*))
 *(.fini_array*)
 .fini_array    0x000000000800eb40        0x4 d:/cubeide/stm32cubeide_1.4.0/stm32cubeide/plugins/com.st.stm32cube.ide.mcu.externaltools.gnu-tools-for-stm32.7-2018-q2-update.win32_1.4.0.202007081208/tools/bin/../lib/gcc/arm-none-eabi/7.3.1/thumb/v7-m/crtbegin.o
                [!provide]                        PROVIDE (__fini_array_end = .)
                0x000000000800eb44                . = ALIGN (0x4)
                0x000000000800eb44                _sidata = LOADADDR (.data)

.data           0x0000000020000000       0xc8 load address 0x000000000800eb44
                0x0000000020000000                . = ALIGN (0x4)
                0x0000000020000000                _sdata = .
 *(.data)
 *(.data*)
 .data.time     0x0000000020000000       0x1c Core/Src/main.o
                0x0000000020000000                time
 .data.time_set_pos
                0x000000002000001c       0x38 Core/Src/main.o
                0x000000002000001c                time_set_pos
 .data.page     0x0000000020000054        0x4 Core/Src/main.o
                0x0000000020000054                page
 .data.SystemCoreClock
                0x0000000020000058        0x4 Core/Src/system_stm32f1xx.o
                0x0000000020000058                SystemCoreClock
 .data.uwTickPrio
                0x000000002000005c        0x4 Drivers/STM32F1xx_HAL_Driver/Src/stm32f1xx_hal.o
                0x000000002000005c                uwTickPrio
 .data.uwTickFreq
                0x0000000020000060        0x1 Drivers/STM32F1xx_HAL_Driver/Src/stm32f1xx_hal.o
                0x0000000020000060                uwTickFreq
 *fill*         0x0000000020000061        0x3 
 .data._impure_ptr
                0x0000000020000064        0x4 d:/cubeide/stm32cubeide_1.4.0/stm32cubeide/plugins/com.st.stm32cube.ide.mcu.externaltools.gnu-tools-for-stm32.7-2018-q2-update.win32_1.4.0.202007081208/tools/bin/../lib/gcc/arm-none-eabi/7.3.1/../../../../arm-none-eabi/lib/thumb/v7-m\libc_nano.a(lib_a-impure.o)
                0x0000000020000064                _impure_ptr
 .data.impure_data
                0x0000000020000068       0x60 d:/cubeide/stm32cubeide_1.4.0/stm32cubeide/plugins/com.st.stm32cube.ide.mcu.externaltools.gnu-tools-for-stm32.7-2018-q2-update.win32_1.4.0.202007081208/tools/bin/../lib/gcc/arm-none-eabi/7.3.1/../../../../arm-none-eabi/lib/thumb/v7-m\libc_nano.a(lib_a-impure.o)
                0x00000000200000c8                . = ALIGN (0x4)
                0x00000000200000c8                _edata = .

.igot.plt       0x00000000200000c8        0x0 load address 0x000000000800ec0c
 .igot.plt      0x00000000200000c8        0x0 d:/cubeide/stm32cubeide_1.4.0/stm32cubeide/plugins/com.st.stm32cube.ide.mcu.externaltools.gnu-tools-for-stm32.7-2018-q2-update.win32_1.4.0.202007081208/tools/bin/../lib/gcc/arm-none-eabi/7.3.1/thumb/v7-m/crtbegin.o
                0x00000000200000c8                . = ALIGN (0x4)

.bss            0x00000000200000c8      0x7d4 load address 0x000000000800ec0c
                0x00000000200000c8                _sbss = .
                0x00000000200000c8                __bss_start__ = _sbss
 *(.bss)
 .bss           0x00000000200000c8       0x1c d:/cubeide/stm32cubeide_1.4.0/stm32cubeide/plugins/com.st.stm32cube.ide.mcu.externaltools.gnu-tools-for-stm32.7-2018-q2-update.win32_1.4.0.202007081208/tools/bin/../lib/gcc/arm-none-eabi/7.3.1/thumb/v7-m/crtbegin.o
 *(.bss*)
 .bss.switch_page
                0x00000000200000e4        0x4 Core/Src/main.o
                0x00000000200000e4                switch_page
 .bss.set_time_pos
                0x00000000200000e8        0x4 Core/Src/main.o
                0x00000000200000e8                set_time_pos
 .bss.music_pos
                0x00000000200000ec        0x4 Core/Src/main.o
                0x00000000200000ec                music_pos
 .bss.battery   0x00000000200000f0        0x4 Core/Src/main.o
                0x00000000200000f0                battery
 .bss.buf_idx.14642
                0x00000000200000f4        0x1 Core/Src/oled.o
 *fill*         0x00000000200000f5        0x3 
 .bss.buffer.14641
                0x00000000200000f8       0x80 Core/Src/oled.o
 .bss.__sbrk_heap_end
                0x0000000020000178        0x4 Core/Src/sysmem.o
 .bss.buf.12344
                0x000000002000017c      0x400 Core/Src/csrc/u8g2_d_memory.o
 .bss.in_transfer.5874
                0x000000002000057c        0x1 Core/Src/csrc/u8x8_cad.o
 *fill*         0x000000002000057d        0x3 
 .bss.__malloc_free_list
                0x0000000020000580        0x4 d:/cubeide/stm32cubeide_1.4.0/stm32cubeide/plugins/com.st.stm32cube.ide.mcu.externaltools.gnu-tools-for-stm32.7-2018-q2-update.win32_1.4.0.202007081208/tools/bin/../lib/gcc/arm-none-eabi/7.3.1/../../../../arm-none-eabi/lib/thumb/v7-m\libc_nano.a(lib_a-nano-mallocr.o)
                0x0000000020000580                __malloc_free_list
 .bss.__malloc_sbrk_start
                0x0000000020000584        0x4 d:/cubeide/stm32cubeide_1.4.0/stm32cubeide/plugins/com.st.stm32cube.ide.mcu.externaltools.gnu-tools-for-stm32.7-2018-q2-update.win32_1.4.0.202007081208/tools/bin/../lib/gcc/arm-none-eabi/7.3.1/../../../../arm-none-eabi/lib/thumb/v7-m\libc_nano.a(lib_a-nano-mallocr.o)
                0x0000000020000584                __malloc_sbrk_start
 *(COMMON)
 COMMON         0x0000000020000588      0x17c Core/Src/allcontrol.o
                0x0000000020000588                set_card_pos
                0x000000002000058c                p2
                0x00000000200005c8                p1_line
                0x0000000020000604                rand_cnt
                0x0000000020000608                p1_card
                0x000000002000060c                p2_line
                0x0000000020000648                p2_card
                0x000000002000064c                p1
                0x0000000020000688                p1_reline
                0x00000000200006c4                p1_flag
                0x0000000020000700                p2_len
 COMMON         0x0000000020000704       0x54 Core/Src/i2c.o
                0x0000000020000704                hi2c1
 COMMON         0x0000000020000758       0xb0 Core/Src/main.o
                0x0000000020000758                u8g2
                0x00000000200007ec                time_set
 COMMON         0x0000000020000808       0x48 Core/Src/tim.o
                0x0000000020000808                htim6
 COMMON         0x0000000020000850       0x44 Core/Src/usart.o
                0x0000000020000850                huart1
 COMMON         0x0000000020000894        0x4 Drivers/STM32F1xx_HAL_Driver/Src/stm32f1xx_hal.o
                0x0000000020000894                uwTick
 COMMON         0x0000000020000898        0x4 d:/cubeide/stm32cubeide_1.4.0/stm32cubeide/plugins/com.st.stm32cube.ide.mcu.externaltools.gnu-tools-for-stm32.7-2018-q2-update.win32_1.4.0.202007081208/tools/bin/../lib/gcc/arm-none-eabi/7.3.1/../../../../arm-none-eabi/lib/thumb/v7-m\libc_nano.a(lib_a-reent.o)
                0x0000000020000898                errno
                0x000000002000089c                . = ALIGN (0x4)
                0x000000002000089c                _ebss = .
                0x000000002000089c                __bss_end__ = _ebss

._user_heap_stack
                0x000000002000089c      0x604 load address 0x000000000800ec0c
                0x00000000200008a0                . = ALIGN (0x8)
 *fill*         0x000000002000089c        0x4 
                [!provide]                        PROVIDE (end = .)
                0x00000000200008a0                PROVIDE (_end = .)
                0x0000000020000aa0                . = (. + _Min_Heap_Size)
 *fill*         0x00000000200008a0      0x200 
                0x0000000020000ea0                . = (. + _Min_Stack_Size)
 *fill*         0x0000000020000aa0      0x400 
                0x0000000020000ea0                . = ALIGN (0x8)

/DISCARD/
 libc.a(*)
 libm.a(*)
 libgcc.a(*)

.ARM.attributes
                0x0000000000000000       0x29
 *(.ARM.attributes)
 .ARM.attributes
                0x0000000000000000       0x1d d:/cubeide/stm32cubeide_1.4.0/stm32cubeide/plugins/com.st.stm32cube.ide.mcu.externaltools.gnu-tools-for-stm32.7-2018-q2-update.win32_1.4.0.202007081208/tools/bin/../lib/gcc/arm-none-eabi/7.3.1/thumb/v7-m/crti.o
 .ARM.attributes
                0x000000000000001d       0x2d d:/cubeide/stm32cubeide_1.4.0/stm32cubeide/plugins/com.st.stm32cube.ide.mcu.externaltools.gnu-tools-for-stm32.7-2018-q2-update.win32_1.4.0.202007081208/tools/bin/../lib/gcc/arm-none-eabi/7.3.1/thumb/v7-m/crtbegin.o
 .ARM.attributes
                0x000000000000004a       0x33 Core/Src/allcontrol.o
 .ARM.attributes
                0x000000000000007d       0x33 Core/Src/allmath.o
 .ARM.attributes
                0x00000000000000b0       0x33 Core/Src/gpio.o
 .ARM.attributes
                0x00000000000000e3       0x33 Core/Src/i2c.o
 .ARM.attributes
                0x0000000000000116       0x33 Core/Src/main.o
 .ARM.attributes
                0x0000000000000149       0x33 Core/Src/oled.o
 .ARM.attributes
                0x000000000000017c       0x33 Core/Src/stm32f1xx_hal_msp.o
 .ARM.attributes
                0x00000000000001af       0x33 Core/Src/stm32f1xx_it.o
 .ARM.attributes
                0x00000000000001e2       0x33 Core/Src/sysmem.o
 .ARM.attributes
                0x0000000000000215       0x33 Core/Src/system_stm32f1xx.o
 .ARM.attributes
                0x0000000000000248       0x33 Core/Src/tim.o
 .ARM.attributes
                0x000000000000027b       0x33 Core/Src/usart.o
 .ARM.attributes
                0x00000000000002ae       0x33 Core/Src/csrc/u8g2_bitmap.o
 .ARM.attributes
                0x00000000000002e1       0x33 Core/Src/csrc/u8g2_buffer.o
 .ARM.attributes
                0x0000000000000314       0x33 Core/Src/csrc/u8g2_cleardisplay.o
 .ARM.attributes
                0x0000000000000347       0x33 Core/Src/csrc/u8g2_d_memory.o
 .ARM.attributes
                0x000000000000037a       0x33 Core/Src/csrc/u8g2_d_setup.o
 .ARM.attributes
                0x00000000000003ad       0x33 Core/Src/csrc/u8g2_font.o
 .ARM.attributes
                0x00000000000003e0       0x33 Core/Src/csrc/u8g2_fonts.o
 .ARM.attributes
                0x0000000000000413       0x33 Core/Src/csrc/u8g2_hvline.o
 .ARM.attributes
                0x0000000000000446       0x33 Core/Src/csrc/u8g2_intersection.o
 .ARM.attributes
                0x0000000000000479       0x33 Core/Src/csrc/u8g2_ll_hvline.o
 .ARM.attributes
                0x00000000000004ac       0x33 Core/Src/csrc/u8g2_setup.o
 .ARM.attributes
                0x00000000000004df       0x33 Core/Src/csrc/u8x8_8x8.o
 .ARM.attributes
                0x0000000000000512       0x33 Core/Src/csrc/u8x8_byte.o
 .ARM.attributes
                0x0000000000000545       0x33 Core/Src/csrc/u8x8_cad.o
 .ARM.attributes
                0x0000000000000578       0x33 Core/Src/csrc/u8x8_d_ssd1306_128x64_noname.o
 .ARM.attributes
                0x00000000000005ab       0x33 Core/Src/csrc/u8x8_display.o
 .ARM.attributes
                0x00000000000005de       0x33 Core/Src/csrc/u8x8_gpio.o
 .ARM.attributes
                0x0000000000000611       0x33 Core/Src/csrc/u8x8_setup.o
 .ARM.attributes
                0x0000000000000644       0x21 Core/Startup/startup_stm32f103rctx.o
 .ARM.attributes
                0x0000000000000665       0x33 Drivers/STM32F1xx_HAL_Driver/Src/stm32f1xx_hal.o
 .ARM.attributes
                0x0000000000000698       0x33 Drivers/STM32F1xx_HAL_Driver/Src/stm32f1xx_hal_cortex.o
 .ARM.attributes
                0x00000000000006cb       0x33 Drivers/STM32F1xx_HAL_Driver/Src/stm32f1xx_hal_gpio.o
 .ARM.attributes
                0x00000000000006fe       0x33 Drivers/STM32F1xx_HAL_Driver/Src/stm32f1xx_hal_i2c.o
 .ARM.attributes
                0x0000000000000731       0x33 Drivers/STM32F1xx_HAL_Driver/Src/stm32f1xx_hal_rcc.o
 .ARM.attributes
                0x0000000000000764       0x33 Drivers/STM32F1xx_HAL_Driver/Src/stm32f1xx_hal_tim.o
 .ARM.attributes
                0x0000000000000797       0x33 Drivers/STM32F1xx_HAL_Driver/Src/stm32f1xx_hal_tim_ex.o
 .ARM.attributes
                0x00000000000007ca       0x33 Drivers/STM32F1xx_HAL_Driver/Src/stm32f1xx_hal_uart.o
 .ARM.attributes
                0x00000000000007fd       0x2d d:/cubeide/stm32cubeide_1.4.0/stm32cubeide/plugins/com.st.stm32cube.ide.mcu.externaltools.gnu-tools-for-stm32.7-2018-q2-update.win32_1.4.0.202007081208/tools/bin/../lib/gcc/arm-none-eabi/7.3.1/../../../../arm-none-eabi/lib/thumb/v7-m\libc_nano.a(lib_a-errno.o)
 .ARM.attributes
                0x000000000000082a       0x2d d:/cubeide/stm32cubeide_1.4.0/stm32cubeide/plugins/com.st.stm32cube.ide.mcu.externaltools.gnu-tools-for-stm32.7-2018-q2-update.win32_1.4.0.202007081208/tools/bin/../lib/gcc/arm-none-eabi/7.3.1/../../../../arm-none-eabi/lib/thumb/v7-m\libc_nano.a(lib_a-impure.o)
 .ARM.attributes
                0x0000000000000857       0x2d d:/cubeide/stm32cubeide_1.4.0/stm32cubeide/plugins/com.st.stm32cube.ide.mcu.externaltools.gnu-tools-for-stm32.7-2018-q2-update.win32_1.4.0.202007081208/tools/bin/../lib/gcc/arm-none-eabi/7.3.1/../../../../arm-none-eabi/lib/thumb/v7-m\libc_nano.a(lib_a-init.o)
 .ARM.attributes
                0x0000000000000884       0x2d d:/cubeide/stm32cubeide_1.4.0/stm32cubeide/plugins/com.st.stm32cube.ide.mcu.externaltools.gnu-tools-for-stm32.7-2018-q2-update.win32_1.4.0.202007081208/tools/bin/../lib/gcc/arm-none-eabi/7.3.1/../../../../arm-none-eabi/lib/thumb/v7-m\libc_nano.a(lib_a-memcpy-stub.o)
 .ARM.attributes
                0x00000000000008b1       0x2d d:/cubeide/stm32cubeide_1.4.0/stm32cubeide/plugins/com.st.stm32cube.ide.mcu.externaltools.gnu-tools-for-stm32.7-2018-q2-update.win32_1.4.0.202007081208/tools/bin/../lib/gcc/arm-none-eabi/7.3.1/../../../../arm-none-eabi/lib/thumb/v7-m\libc_nano.a(lib_a-memset.o)
 .ARM.attributes
                0x00000000000008de       0x2d d:/cubeide/stm32cubeide_1.4.0/stm32cubeide/plugins/com.st.stm32cube.ide.mcu.externaltools.gnu-tools-for-stm32.7-2018-q2-update.win32_1.4.0.202007081208/tools/bin/../lib/gcc/arm-none-eabi/7.3.1/../../../../arm-none-eabi/lib/thumb/v7-m\libc_nano.a(lib_a-rand.o)
 .ARM.attributes
                0x000000000000090b       0x2d d:/cubeide/stm32cubeide_1.4.0/stm32cubeide/plugins/com.st.stm32cube.ide.mcu.externaltools.gnu-tools-for-stm32.7-2018-q2-update.win32_1.4.0.202007081208/tools/bin/../lib/gcc/arm-none-eabi/7.3.1/../../../../arm-none-eabi/lib/thumb/v7-m\libc_nano.a(lib_a-malloc.o)
 .ARM.attributes
                0x0000000000000938       0x2d d:/cubeide/stm32cubeide_1.4.0/stm32cubeide/plugins/com.st.stm32cube.ide.mcu.externaltools.gnu-tools-for-stm32.7-2018-q2-update.win32_1.4.0.202007081208/tools/bin/../lib/gcc/arm-none-eabi/7.3.1/../../../../arm-none-eabi/lib/thumb/v7-m\libc_nano.a(lib_a-nano-mallocr.o)
 .ARM.attributes
                0x0000000000000965       0x2d d:/cubeide/stm32cubeide_1.4.0/stm32cubeide/plugins/com.st.stm32cube.ide.mcu.externaltools.gnu-tools-for-stm32.7-2018-q2-update.win32_1.4.0.202007081208/tools/bin/../lib/gcc/arm-none-eabi/7.3.1/../../../../arm-none-eabi/lib/thumb/v7-m\libc_nano.a(lib_a-sbrkr.o)
 .ARM.attributes
                0x0000000000000992       0x2d d:/cubeide/stm32cubeide_1.4.0/stm32cubeide/plugins/com.st.stm32cube.ide.mcu.externaltools.gnu-tools-for-stm32.7-2018-q2-update.win32_1.4.0.202007081208/tools/bin/../lib/gcc/arm-none-eabi/7.3.1/../../../../arm-none-eabi/lib/thumb/v7-m\libc_nano.a(lib_a-mlock.o)
 .ARM.attributes
                0x00000000000009bf       0x2d d:/cubeide/stm32cubeide_1.4.0/stm32cubeide/plugins/com.st.stm32cube.ide.mcu.externaltools.gnu-tools-for-stm32.7-2018-q2-update.win32_1.4.0.202007081208/tools/bin/../lib/gcc/arm-none-eabi/7.3.1/../../../../arm-none-eabi/lib/thumb/v7-m\libc_nano.a(lib_a-reent.o)
 .ARM.attributes
                0x00000000000009ec       0x1d d:/cubeide/stm32cubeide_1.4.0/stm32cubeide/plugins/com.st.stm32cube.ide.mcu.externaltools.gnu-tools-for-stm32.7-2018-q2-update.win32_1.4.0.202007081208/tools/bin/../lib/gcc/arm-none-eabi/7.3.1/thumb/v7-m/crtn.o
OUTPUT(lvgl_f103.elf elf32-littlearm)

.debug_info     0x0000000000000000    0x74217
 .debug_info    0x0000000000000000     0x7a2e Core/Src/allcontrol.o
 .debug_info    0x0000000000007a2e      0x202 Core/Src/allmath.o
 .debug_info    0x0000000000007c30      0x379 Core/Src/gpio.o
 .debug_info    0x0000000000007fa9      0x842 Core/Src/i2c.o
 .debug_info    0x00000000000087eb     0x7fe0 Core/Src/main.o
 .debug_info    0x00000000000107cb     0x6eda Core/Src/oled.o
 .debug_info    0x00000000000176a5      0x2d6 Core/Src/stm32f1xx_hal_msp.o
 .debug_info    0x000000000001797b      0x743 Core/Src/stm32f1xx_it.o
 .debug_info    0x00000000000180be      0x985 Core/Src/sysmem.o
 .debug_info    0x0000000000018a43      0x29a Core/Src/system_stm32f1xx.o
 .debug_info    0x0000000000018cdd      0x9c1 Core/Src/tim.o
 .debug_info    0x000000000001969e      0x7cf Core/Src/usart.o
 .debug_info    0x0000000000019e6d     0x6b0c Core/Src/csrc/u8g2_bitmap.o
 .debug_info    0x0000000000020979     0x733c Core/Src/csrc/u8g2_buffer.o
 .debug_info    0x0000000000027cb5     0x682e Core/Src/csrc/u8g2_cleardisplay.o
 .debug_info    0x000000000002e4e3     0x6854 Core/Src/csrc/u8g2_d_memory.o
 .debug_info    0x0000000000034d37     0x6874 Core/Src/csrc/u8g2_d_setup.o
 .debug_info    0x000000000003b5ab     0x76a6 Core/Src/csrc/u8g2_font.o
 .debug_info    0x0000000000042c51     0x6866 Core/Src/csrc/u8g2_fonts.o
 .debug_info    0x00000000000494b7     0x6a2b Core/Src/csrc/u8g2_hvline.o
 .debug_info    0x000000000004fee2     0x68b4 Core/Src/csrc/u8g2_intersection.o
 .debug_info    0x0000000000056796     0x6954 Core/Src/csrc/u8g2_ll_hvline.o
 .debug_info    0x000000000005d0ea     0x768a Core/Src/csrc/u8g2_setup.o
 .debug_info    0x0000000000064774     0x11cc Core/Src/csrc/u8x8_8x8.o
 .debug_info    0x0000000000065940     0x1069 Core/Src/csrc/u8x8_byte.o
 .debug_info    0x00000000000669a9     0x119b Core/Src/csrc/u8x8_cad.o
 .debug_info    0x0000000000067b44      0xdd0 Core/Src/csrc/u8x8_d_ssd1306_128x64_noname.o
 .debug_info    0x0000000000068914      0xcb5 Core/Src/csrc/u8x8_display.o
 .debug_info    0x00000000000695c9      0x9b3 Core/Src/csrc/u8x8_gpio.o
 .debug_info    0x0000000000069f7c      0xaa8 Core/Src/csrc/u8x8_setup.o
 .debug_info    0x000000000006aa24       0x22 Core/Startup/startup_stm32f103rctx.o
 .debug_info    0x000000000006aa46      0x77a Drivers/STM32F1xx_HAL_Driver/Src/stm32f1xx_hal.o
 .debug_info    0x000000000006b1c0      0xbb7 Drivers/STM32F1xx_HAL_Driver/Src/stm32f1xx_hal_cortex.o
 .debug_info    0x000000000006bd77      0x69b Drivers/STM32F1xx_HAL_Driver/Src/stm32f1xx_hal_gpio.o
 .debug_info    0x000000000006c412     0x256e Drivers/STM32F1xx_HAL_Driver/Src/stm32f1xx_hal_i2c.o
 .debug_info    0x000000000006e980      0x80f Drivers/STM32F1xx_HAL_Driver/Src/stm32f1xx_hal_rcc.o
 .debug_info    0x000000000006f18f     0x27f1 Drivers/STM32F1xx_HAL_Driver/Src/stm32f1xx_hal_tim.o
 .debug_info    0x0000000000071980     0x13ab Drivers/STM32F1xx_HAL_Driver/Src/stm32f1xx_hal_tim_ex.o
 .debug_info    0x0000000000072d2b     0x14ec Drivers/STM32F1xx_HAL_Driver/Src/stm32f1xx_hal_uart.o

.debug_abbrev   0x0000000000000000     0x4027
 .debug_abbrev  0x0000000000000000      0x2f2 Core/Src/allcontrol.o
 .debug_abbrev  0x00000000000002f2       0xd6 Core/Src/allmath.o
 .debug_abbrev  0x00000000000003c8      0x134 Core/Src/gpio.o
 .debug_abbrev  0x00000000000004fc      0x199 Core/Src/i2c.o
 .debug_abbrev  0x0000000000000695      0x25a Core/Src/main.o
 .debug_abbrev  0x00000000000008ef      0x1d4 Core/Src/oled.o
 .debug_abbrev  0x0000000000000ac3      0x109 Core/Src/stm32f1xx_hal_msp.o
 .debug_abbrev  0x0000000000000bcc      0x15a Core/Src/stm32f1xx_it.o
 .debug_abbrev  0x0000000000000d26      0x19b Core/Src/sysmem.o
 .debug_abbrev  0x0000000000000ec1      0x134 Core/Src/system_stm32f1xx.o
 .debug_abbrev  0x0000000000000ff5      0x199 Core/Src/tim.o
 .debug_abbrev  0x000000000000118e      0x199 Core/Src/usart.o
 .debug_abbrev  0x0000000000001327      0x151 Core/Src/csrc/u8g2_bitmap.o
 .debug_abbrev  0x0000000000001478      0x1f2 Core/Src/csrc/u8g2_buffer.o
 .debug_abbrev  0x000000000000166a      0x10a Core/Src/csrc/u8g2_cleardisplay.o
 .debug_abbrev  0x0000000000001774      0x12d Core/Src/csrc/u8g2_d_memory.o
 .debug_abbrev  0x00000000000018a1      0x128 Core/Src/csrc/u8g2_d_setup.o
 .debug_abbrev  0x00000000000019c9      0x28d Core/Src/csrc/u8g2_font.o
 .debug_abbrev  0x0000000000001c56       0xf9 Core/Src/csrc/u8g2_fonts.o
 .debug_abbrev  0x0000000000001d4f      0x15e Core/Src/csrc/u8g2_hvline.o
 .debug_abbrev  0x0000000000001ead      0x137 Core/Src/csrc/u8g2_intersection.o
 .debug_abbrev  0x0000000000001fe4      0x151 Core/Src/csrc/u8g2_ll_hvline.o
 .debug_abbrev  0x0000000000002135      0x254 Core/Src/csrc/u8g2_setup.o
 .debug_abbrev  0x0000000000002389      0x21a Core/Src/csrc/u8x8_8x8.o
 .debug_abbrev  0x00000000000025a3      0x1d6 Core/Src/csrc/u8x8_byte.o
 .debug_abbrev  0x0000000000002779      0x1c6 Core/Src/csrc/u8x8_cad.o
 .debug_abbrev  0x000000000000293f      0x173 Core/Src/csrc/u8x8_d_ssd1306_128x64_noname.o
 .debug_abbrev  0x0000000000002ab2      0x160 Core/Src/csrc/u8x8_display.o
 .debug_abbrev  0x0000000000002c12       0xf4 Core/Src/csrc/u8x8_gpio.o
 .debug_abbrev  0x0000000000002d06      0x155 Core/Src/csrc/u8x8_setup.o
 .debug_abbrev  0x0000000000002e5b       0x12 Core/Startup/startup_stm32f103rctx.o
 .debug_abbrev  0x0000000000002e6d      0x1c7 Drivers/STM32F1xx_HAL_Driver/Src/stm32f1xx_hal.o
 .debug_abbrev  0x0000000000003034      0x2d5 Drivers/STM32F1xx_HAL_Driver/Src/stm32f1xx_hal_cortex.o
 .debug_abbrev  0x0000000000003309      0x1c0 Drivers/STM32F1xx_HAL_Driver/Src/stm32f1xx_hal_gpio.o
 .debug_abbrev  0x00000000000034c9      0x258 Drivers/STM32F1xx_HAL_Driver/Src/stm32f1xx_hal_i2c.o
 .debug_abbrev  0x0000000000003721      0x243 Drivers/STM32F1xx_HAL_Driver/Src/stm32f1xx_hal_rcc.o
 .debug_abbrev  0x0000000000003964      0x230 Drivers/STM32F1xx_HAL_Driver/Src/stm32f1xx_hal_tim.o
 .debug_abbrev  0x0000000000003b94      0x236 Drivers/STM32F1xx_HAL_Driver/Src/stm32f1xx_hal_tim_ex.o
 .debug_abbrev  0x0000000000003dca      0x25d Drivers/STM32F1xx_HAL_Driver/Src/stm32f1xx_hal_uart.o

.debug_aranges  0x0000000000000000     0x1800
 .debug_aranges
                0x0000000000000000       0xb0 Core/Src/allcontrol.o
 .debug_aranges
                0x00000000000000b0       0x50 Core/Src/allmath.o
 .debug_aranges
                0x0000000000000100       0x20 Core/Src/gpio.o
 .debug_aranges
                0x0000000000000120       0x30 Core/Src/i2c.o
 .debug_aranges
                0x0000000000000150       0x88 Core/Src/main.o
 .debug_aranges
                0x00000000000001d8       0x38 Core/Src/oled.o
 .debug_aranges
                0x0000000000000210       0x20 Core/Src/stm32f1xx_hal_msp.o
 .debug_aranges
                0x0000000000000230       0x68 Core/Src/stm32f1xx_it.o
 .debug_aranges
                0x0000000000000298       0x20 Core/Src/sysmem.o
 .debug_aranges
                0x00000000000002b8       0x28 Core/Src/system_stm32f1xx.o
 .debug_aranges
                0x00000000000002e0       0x30 Core/Src/tim.o
 .debug_aranges
                0x0000000000000310       0x30 Core/Src/usart.o
 .debug_aranges
                0x0000000000000340       0x50 Core/Src/csrc/u8g2_bitmap.o
 .debug_aranges
                0x0000000000000390       0x80 Core/Src/csrc/u8g2_buffer.o
 .debug_aranges
                0x0000000000000410       0x20 Core/Src/csrc/u8g2_cleardisplay.o
 .debug_aranges
                0x0000000000000430       0x20 Core/Src/csrc/u8g2_d_memory.o
 .debug_aranges
                0x0000000000000450       0x20 Core/Src/csrc/u8g2_d_setup.o
 .debug_aranges
                0x0000000000000470      0x198 Core/Src/csrc/u8g2_font.o
 .debug_aranges
                0x0000000000000608       0x18 Core/Src/csrc/u8g2_fonts.o
 .debug_aranges
                0x0000000000000620       0x50 Core/Src/csrc/u8g2_hvline.o
 .debug_aranges
                0x0000000000000670       0x28 Core/Src/csrc/u8g2_intersection.o
 .debug_aranges
                0x0000000000000698       0x28 Core/Src/csrc/u8g2_ll_hvline.o
 .debug_aranges
                0x00000000000006c0       0xc8 Core/Src/csrc/u8g2_setup.o
 .debug_aranges
                0x0000000000000788       0xc8 Core/Src/csrc/u8x8_8x8.o
 .debug_aranges
                0x0000000000000850       0xe0 Core/Src/csrc/u8x8_byte.o
 .debug_aranges
                0x0000000000000930       0xd0 Core/Src/csrc/u8x8_cad.o
 .debug_aranges
                0x0000000000000a00       0x58 Core/Src/csrc/u8x8_d_ssd1306_128x64_noname.o
 .debug_aranges
                0x0000000000000a58       0x88 Core/Src/csrc/u8x8_display.o
 .debug_aranges
                0x0000000000000ae0       0x20 Core/Src/csrc/u8x8_gpio.o
 .debug_aranges
                0x0000000000000b00       0x38 Core/Src/csrc/u8x8_setup.o
 .debug_aranges
                0x0000000000000b38       0x28 Core/Startup/startup_stm32f103rctx.o
 .debug_aranges
                0x0000000000000b60       0xe0 Drivers/STM32F1xx_HAL_Driver/Src/stm32f1xx_hal.o
 .debug_aranges
                0x0000000000000c40      0x100 Drivers/STM32F1xx_HAL_Driver/Src/stm32f1xx_hal_cortex.o
 .debug_aranges
                0x0000000000000d40       0x58 Drivers/STM32F1xx_HAL_Driver/Src/stm32f1xx_hal_gpio.o
 .debug_aranges
                0x0000000000000d98      0x2a0 Drivers/STM32F1xx_HAL_Driver/Src/stm32f1xx_hal_i2c.o
 .debug_aranges
                0x0000000000001038       0x90 Drivers/STM32F1xx_HAL_Driver/Src/stm32f1xx_hal_rcc.o
 .debug_aranges
                0x00000000000010c8      0x3d0 Drivers/STM32F1xx_HAL_Driver/Src/stm32f1xx_hal_tim.o
 .debug_aranges
                0x0000000000001498      0x168 Drivers/STM32F1xx_HAL_Driver/Src/stm32f1xx_hal_tim_ex.o
 .debug_aranges
                0x0000000000001600      0x200 Drivers/STM32F1xx_HAL_Driver/Src/stm32f1xx_hal_uart.o

.debug_ranges   0x0000000000000000     0x1618
 .debug_ranges  0x0000000000000000       0xb8 Core/Src/allcontrol.o
 .debug_ranges  0x00000000000000b8       0x40 Core/Src/allmath.o
 .debug_ranges  0x00000000000000f8       0x10 Core/Src/gpio.o
 .debug_ranges  0x0000000000000108       0x20 Core/Src/i2c.o
 .debug_ranges  0x0000000000000128       0x78 Core/Src/main.o
 .debug_ranges  0x00000000000001a0       0x28 Core/Src/oled.o
 .debug_ranges  0x00000000000001c8       0x10 Core/Src/stm32f1xx_hal_msp.o
 .debug_ranges  0x00000000000001d8       0x58 Core/Src/stm32f1xx_it.o
 .debug_ranges  0x0000000000000230       0x10 Core/Src/sysmem.o
 .debug_ranges  0x0000000000000240       0x18 Core/Src/system_stm32f1xx.o
 .debug_ranges  0x0000000000000258       0x20 Core/Src/tim.o
 .debug_ranges  0x0000000000000278       0x20 Core/Src/usart.o
 .debug_ranges  0x0000000000000298       0x40 Core/Src/csrc/u8g2_bitmap.o
 .debug_ranges  0x00000000000002d8       0x70 Core/Src/csrc/u8g2_buffer.o
 .debug_ranges  0x0000000000000348       0x10 Core/Src/csrc/u8g2_cleardisplay.o
 .debug_ranges  0x0000000000000358       0x10 Core/Src/csrc/u8g2_d_memory.o
 .debug_ranges  0x0000000000000368       0x10 Core/Src/csrc/u8g2_d_setup.o
 .debug_ranges  0x0000000000000378      0x1a0 Core/Src/csrc/u8g2_font.o
 .debug_ranges  0x0000000000000518       0x40 Core/Src/csrc/u8g2_hvline.o
 .debug_ranges  0x0000000000000558       0x18 Core/Src/csrc/u8g2_intersection.o
 .debug_ranges  0x0000000000000570       0x18 Core/Src/csrc/u8g2_ll_hvline.o
 .debug_ranges  0x0000000000000588       0xb8 Core/Src/csrc/u8g2_setup.o
 .debug_ranges  0x0000000000000640       0xb8 Core/Src/csrc/u8x8_8x8.o
 .debug_ranges  0x00000000000006f8       0xd0 Core/Src/csrc/u8x8_byte.o
 .debug_ranges  0x00000000000007c8       0xc0 Core/Src/csrc/u8x8_cad.o
 .debug_ranges  0x0000000000000888       0x48 Core/Src/csrc/u8x8_d_ssd1306_128x64_noname.o
 .debug_ranges  0x00000000000008d0       0x78 Core/Src/csrc/u8x8_display.o
 .debug_ranges  0x0000000000000948       0x10 Core/Src/csrc/u8x8_gpio.o
 .debug_ranges  0x0000000000000958       0x28 Core/Src/csrc/u8x8_setup.o
 .debug_ranges  0x0000000000000980       0x20 Core/Startup/startup_stm32f103rctx.o
 .debug_ranges  0x00000000000009a0       0xd0 Drivers/STM32F1xx_HAL_Driver/Src/stm32f1xx_hal.o
 .debug_ranges  0x0000000000000a70       0xf0 Drivers/STM32F1xx_HAL_Driver/Src/stm32f1xx_hal_cortex.o
 .debug_ranges  0x0000000000000b60       0x48 Drivers/STM32F1xx_HAL_Driver/Src/stm32f1xx_hal_gpio.o
 .debug_ranges  0x0000000000000ba8      0x2b8 Drivers/STM32F1xx_HAL_Driver/Src/stm32f1xx_hal_i2c.o
 .debug_ranges  0x0000000000000e60       0x80 Drivers/STM32F1xx_HAL_Driver/Src/stm32f1xx_hal_rcc.o
 .debug_ranges  0x0000000000000ee0      0x3c0 Drivers/STM32F1xx_HAL_Driver/Src/stm32f1xx_hal_tim.o
 .debug_ranges  0x00000000000012a0      0x158 Drivers/STM32F1xx_HAL_Driver/Src/stm32f1xx_hal_tim_ex.o
 .debug_ranges  0x00000000000013f8      0x220 Drivers/STM32F1xx_HAL_Driver/Src/stm32f1xx_hal_uart.o

.debug_macro    0x0000000000000000    0x1c402
 .debug_macro   0x0000000000000000      0x2f9 Core/Src/allcontrol.o
 .debug_macro   0x00000000000002f9      0xa5a Core/Src/allcontrol.o
 .debug_macro   0x0000000000000d53      0x221 Core/Src/allcontrol.o
 .debug_macro   0x0000000000000f74       0x2e Core/Src/allcontrol.o
 .debug_macro   0x0000000000000fa2       0x22 Core/Src/allcontrol.o
 .debug_macro   0x0000000000000fc4       0x22 Core/Src/allcontrol.o
 .debug_macro   0x0000000000000fe6       0x8e Core/Src/allcontrol.o
 .debug_macro   0x0000000000001074       0x51 Core/Src/allcontrol.o
 .debug_macro   0x00000000000010c5       0xef Core/Src/allcontrol.o
 .debug_macro   0x00000000000011b4       0x6a Core/Src/allcontrol.o
 .debug_macro   0x000000000000121e      0x1df Core/Src/allcontrol.o
 .debug_macro   0x00000000000013fd       0x1c Core/Src/allcontrol.o
 .debug_macro   0x0000000000001419       0x22 Core/Src/allcontrol.o
 .debug_macro   0x000000000000143b       0xc3 Core/Src/allcontrol.o
 .debug_macro   0x00000000000014fe      0xd23 Core/Src/allcontrol.o
 .debug_macro   0x0000000000002221     0xfd8c Core/Src/allcontrol.o
 .debug_macro   0x0000000000011fad       0x6d Core/Src/allcontrol.o
 .debug_macro   0x000000000001201a     0x3468 Core/Src/allcontrol.o
 .debug_macro   0x0000000000015482      0x174 Core/Src/allcontrol.o
 .debug_macro   0x00000000000155f6       0x5c Core/Src/allcontrol.o
 .debug_macro   0x0000000000015652      0x5be Core/Src/allcontrol.o
 .debug_macro   0x0000000000015c10      0x4d5 Core/Src/allcontrol.o
 .debug_macro   0x00000000000160e5      0x1cb Core/Src/allcontrol.o
 .debug_macro   0x00000000000162b0      0x114 Core/Src/allcontrol.o
 .debug_macro   0x00000000000163c4      0x1ea Core/Src/allcontrol.o
 .debug_macro   0x00000000000165ae       0x27 Core/Src/allcontrol.o
 .debug_macro   0x00000000000165d5      0x144 Core/Src/allcontrol.o
 .debug_macro   0x0000000000016719      0x1bc Core/Src/allcontrol.o
 .debug_macro   0x00000000000168d5       0x30 Core/Src/allcontrol.o
 .debug_macro   0x0000000000016905       0x3c Core/Src/allcontrol.o
 .debug_macro   0x0000000000016941       0x57 Core/Src/allcontrol.o
 .debug_macro   0x0000000000016998       0x88 Core/Src/allcontrol.o
 .debug_macro   0x0000000000016a20      0x24f Core/Src/allcontrol.o
 .debug_macro   0x0000000000016c6f      0x287 Core/Src/allcontrol.o
 .debug_macro   0x0000000000016ef6      0x141 Core/Src/allcontrol.o
 .debug_macro   0x0000000000017037      0x8d1 Core/Src/allcontrol.o
 .debug_macro   0x0000000000017908      0x279 Core/Src/allcontrol.o
 .debug_macro   0x0000000000017b81       0xb5 Core/Src/allcontrol.o
 .debug_macro   0x0000000000017c36       0x4c Core/Src/allcontrol.o
 .debug_macro   0x0000000000017c82       0x10 Core/Src/allcontrol.o
 .debug_macro   0x0000000000017c92       0x58 Core/Src/allcontrol.o
 .debug_macro   0x0000000000017cea       0x46 Core/Src/allcontrol.o
 .debug_macro   0x0000000000017d30      0x32a Core/Src/allcontrol.o
 .debug_macro   0x000000000001805a       0x25 Core/Src/allcontrol.o
 .debug_macro   0x000000000001807f      0x118 Core/Src/allcontrol.o
 .debug_macro   0x0000000000018197      0x337 Core/Src/allcontrol.o
 .debug_macro   0x00000000000184ce      0x6f9 Core/Src/allcontrol.o
 .debug_macro   0x0000000000018bc7       0x22 Core/Src/allcontrol.o
 .debug_macro   0x0000000000018be9       0x18 Core/Src/allcontrol.o
 .debug_macro   0x0000000000018c01       0x3c Core/Src/allcontrol.o
 .debug_macro   0x0000000000018c3d       0x34 Core/Src/allcontrol.o
 .debug_macro   0x0000000000018c71       0x16 Core/Src/allcontrol.o
 .debug_macro   0x0000000000018c87       0x35 Core/Src/allcontrol.o
 .debug_macro   0x0000000000018cbc       0x52 Core/Src/allcontrol.o
 .debug_macro   0x0000000000018d0e       0x1f Core/Src/allcontrol.o
 .debug_macro   0x0000000000018d2d       0x43 Core/Src/allcontrol.o
 .debug_macro   0x0000000000018d70       0x20 Core/Src/allcontrol.o
 .debug_macro   0x0000000000018d90      0x1a3 Core/Src/allcontrol.o
 .debug_macro   0x0000000000018f33       0x16 Core/Src/allcontrol.o
 .debug_macro   0x0000000000018f49       0x29 Core/Src/allcontrol.o
 .debug_macro   0x0000000000018f72       0x15 Core/Src/allmath.o
 .debug_macro   0x0000000000018f87      0x1c6 Core/Src/gpio.o
 .debug_macro   0x000000000001914d      0x1c6 Core/Src/i2c.o
 .debug_macro   0x0000000000019313      0x327 Core/Src/main.o
 .debug_macro   0x000000000001963a      0x24e Core/Src/oled.o
 .debug_macro   0x0000000000019888      0x1bc Core/Src/stm32f1xx_hal_msp.o
 .debug_macro   0x0000000000019a44      0x1c6 Core/Src/stm32f1xx_it.o
 .debug_macro   0x0000000000019c0a       0xee Core/Src/sysmem.o
 .debug_macro   0x0000000000019cf8      0x23b Core/Src/sysmem.o
 .debug_macro   0x0000000000019f33      0x1ad Core/Src/system_stm32f1xx.o
 .debug_macro   0x000000000001a0e0      0x1c6 Core/Src/tim.o
 .debug_macro   0x000000000001a2a6      0x1c6 Core/Src/usart.o
 .debug_macro   0x000000000001a46c       0xe1 Core/Src/csrc/u8g2_bitmap.o
 .debug_macro   0x000000000001a54d      0x186 Core/Src/csrc/u8g2_buffer.o
 .debug_macro   0x000000000001a6d3       0xe1 Core/Src/csrc/u8g2_cleardisplay.o
 .debug_macro   0x000000000001a7b4       0xe1 Core/Src/csrc/u8g2_d_memory.o
 .debug_macro   0x000000000001a895       0xe1 Core/Src/csrc/u8g2_d_setup.o
 .debug_macro   0x000000000001a976       0xe7 Core/Src/csrc/u8g2_font.o
 .debug_macro   0x000000000001aa5d       0xe1 Core/Src/csrc/u8g2_fonts.o
 .debug_macro   0x000000000001ab3e      0x111 Core/Src/csrc/u8g2_hvline.o
 .debug_macro   0x000000000001ac4f       0x1c Core/Src/csrc/u8g2_hvline.o
 .debug_macro   0x000000000001ac6b       0xe7 Core/Src/csrc/u8g2_intersection.o
 .debug_macro   0x000000000001ad52      0x111 Core/Src/csrc/u8g2_ll_hvline.o
 .debug_macro   0x000000000001ae63      0x18f Core/Src/csrc/u8g2_setup.o
 .debug_macro   0x000000000001aff2       0xd2 Core/Src/csrc/u8x8_8x8.o
 .debug_macro   0x000000000001b0c4       0xd2 Core/Src/csrc/u8x8_byte.o
 .debug_macro   0x000000000001b196       0xd2 Core/Src/csrc/u8x8_cad.o
 .debug_macro   0x000000000001b268       0xd2 Core/Src/csrc/u8x8_d_ssd1306_128x64_noname.o
 .debug_macro   0x000000000001b33a       0xd2 Core/Src/csrc/u8x8_display.o
 .debug_macro   0x000000000001b40c       0xd2 Core/Src/csrc/u8x8_gpio.o
 .debug_macro   0x000000000001b4de       0xd2 Core/Src/csrc/u8x8_setup.o
 .debug_macro   0x000000000001b5b0      0x1d1 Drivers/STM32F1xx_HAL_Driver/Src/stm32f1xx_hal.o
 .debug_macro   0x000000000001b781      0x1ad Drivers/STM32F1xx_HAL_Driver/Src/stm32f1xx_hal_cortex.o
 .debug_macro   0x000000000001b92e      0x218 Drivers/STM32F1xx_HAL_Driver/Src/stm32f1xx_hal_gpio.o
 .debug_macro   0x000000000001bb46      0x1f4 Drivers/STM32F1xx_HAL_Driver/Src/stm32f1xx_hal_i2c.o
 .debug_macro   0x000000000001bd3a      0x1bf Drivers/STM32F1xx_HAL_Driver/Src/stm32f1xx_hal_rcc.o
 .debug_macro   0x000000000001bef9      0x1ae Drivers/STM32F1xx_HAL_Driver/Src/stm32f1xx_hal_tim.o
 .debug_macro   0x000000000001c0a7      0x1ad Drivers/STM32F1xx_HAL_Driver/Src/stm32f1xx_hal_tim_ex.o
 .debug_macro   0x000000000001c254      0x1ae Drivers/STM32F1xx_HAL_Driver/Src/stm32f1xx_hal_uart.o

.debug_line     0x0000000000000000    0x15aad
 .debug_line    0x0000000000000000      0xe19 Core/Src/allcontrol.o
 .debug_line    0x0000000000000e19      0x247 Core/Src/allmath.o
 .debug_line    0x0000000000001060      0x6af Core/Src/gpio.o
 .debug_line    0x000000000000170f      0x6d2 Core/Src/i2c.o
 .debug_line    0x0000000000001de1      0xb09 Core/Src/main.o
 .debug_line    0x00000000000028ea      0x934 Core/Src/oled.o
 .debug_line    0x000000000000321e      0x6a3 Core/Src/stm32f1xx_hal_msp.o
 .debug_line    0x00000000000038c1      0x758 Core/Src/stm32f1xx_it.o
 .debug_line    0x0000000000004019      0x4e0 Core/Src/sysmem.o
 .debug_line    0x00000000000044f9      0x6ca Core/Src/system_stm32f1xx.o
 .debug_line    0x0000000000004bc3      0x6ce Core/Src/tim.o
 .debug_line    0x0000000000005291      0x6d8 Core/Src/usart.o
 .debug_line    0x0000000000005969      0x67a Core/Src/csrc/u8g2_bitmap.o
 .debug_line    0x0000000000005fe3      0x736 Core/Src/csrc/u8g2_buffer.o
 .debug_line    0x0000000000006719      0x5a3 Core/Src/csrc/u8g2_cleardisplay.o
 .debug_line    0x0000000000006cbc      0x596 Core/Src/csrc/u8g2_d_memory.o
 .debug_line    0x0000000000007252      0x596 Core/Src/csrc/u8g2_d_setup.o
 .debug_line    0x00000000000077e8      0xa8d Core/Src/csrc/u8g2_font.o
 .debug_line    0x0000000000008275      0x583 Core/Src/csrc/u8g2_fonts.o
 .debug_line    0x00000000000087f8      0x66b Core/Src/csrc/u8g2_hvline.o
 .debug_line    0x0000000000008e63      0x5ba Core/Src/csrc/u8g2_intersection.o
 .debug_line    0x000000000000941d      0x638 Core/Src/csrc/u8g2_ll_hvline.o
 .debug_line    0x0000000000009a55      0x825 Core/Src/csrc/u8g2_setup.o
 .debug_line    0x000000000000a27a      0x875 Core/Src/csrc/u8x8_8x8.o
 .debug_line    0x000000000000aaef      0x8da Core/Src/csrc/u8x8_byte.o
 .debug_line    0x000000000000b3c9      0x8c1 Core/Src/csrc/u8x8_cad.o
 .debug_line    0x000000000000bc8a      0x69b Core/Src/csrc/u8x8_d_ssd1306_128x64_noname.o
 .debug_line    0x000000000000c325      0x69e Core/Src/csrc/u8x8_display.o
 .debug_line    0x000000000000c9c3      0x589 Core/Src/csrc/u8x8_gpio.o
 .debug_line    0x000000000000cf4c      0x5d5 Core/Src/csrc/u8x8_setup.o
 .debug_line    0x000000000000d521       0x87 Core/Startup/startup_stm32f103rctx.o
 .debug_line    0x000000000000d5a8      0x87d Drivers/STM32F1xx_HAL_Driver/Src/stm32f1xx_hal.o
 .debug_line    0x000000000000de25      0x954 Drivers/STM32F1xx_HAL_Driver/Src/stm32f1xx_hal_cortex.o
 .debug_line    0x000000000000e779      0x8a1 Drivers/STM32F1xx_HAL_Driver/Src/stm32f1xx_hal_gpio.o
 .debug_line    0x000000000000f01a     0x1c8f Drivers/STM32F1xx_HAL_Driver/Src/stm32f1xx_hal_i2c.o
 .debug_line    0x0000000000010ca9      0x93d Drivers/STM32F1xx_HAL_Driver/Src/stm32f1xx_hal_rcc.o
 .debug_line    0x00000000000115e6     0x2204 Drivers/STM32F1xx_HAL_Driver/Src/stm32f1xx_hal_tim.o
 .debug_line    0x00000000000137ea     0x11d6 Drivers/STM32F1xx_HAL_Driver/Src/stm32f1xx_hal_tim_ex.o
 .debug_line    0x00000000000149c0     0x10ed Drivers/STM32F1xx_HAL_Driver/Src/stm32f1xx_hal_uart.o

.debug_str      0x0000000000000000    0xab22c
 .debug_str     0x0000000000000000    0xa544e Core/Src/allcontrol.o
                                      0xa6908 (size before relaxing)
 .debug_str     0x00000000000a544e       0x7f Core/Src/allmath.o
                                       0x2d26 (size before relaxing)
 .debug_str     0x00000000000a54cd       0xa8 Core/Src/gpio.o
                                      0x930ff (size before relaxing)
 .debug_str     0x00000000000a5575      0x451 Core/Src/i2c.o
                                      0x9358a (size before relaxing)
 .debug_str     0x00000000000a59c6      0x61f Core/Src/main.o
                                      0xa7273 (size before relaxing)
 .debug_str     0x00000000000a5fe5       0x62 Core/Src/oled.o
                                      0xa4ff3 (size before relaxing)
 .debug_str     0x00000000000a6047       0x5a Core/Src/stm32f1xx_hal_msp.o
                                      0x930b7 (size before relaxing)
 .debug_str     0x00000000000a60a1       0xbd Core/Src/stm32f1xx_it.o
                                      0x9359e (size before relaxing)
 .debug_str     0x00000000000a615e      0x4e9 Core/Src/sysmem.o
                                       0x5f2a (size before relaxing)
 .debug_str     0x00000000000a6647       0x52 Core/Src/system_stm32f1xx.o
                                      0x92fab (size before relaxing)
 .debug_str     0x00000000000a6699      0x3a0 Core/Src/tim.o
                                      0x939a3 (size before relaxing)
 .debug_str     0x00000000000a6a39       0x57 Core/Src/usart.o
                                      0x934ef (size before relaxing)
 .debug_str     0x00000000000a6a90       0xba Core/Src/csrc/u8g2_bitmap.o
                                      0x15a53 (size before relaxing)
 .debug_str     0x00000000000a6b4a      0x1d3 Core/Src/csrc/u8g2_buffer.o
                                      0x17611 (size before relaxing)
 .debug_str     0x00000000000a6d1d       0x37 Core/Src/csrc/u8g2_cleardisplay.o
                                      0x159d8 (size before relaxing)
 .debug_str     0x00000000000a6d54       0x38 Core/Src/csrc/u8g2_d_memory.o
                                      0x159d4 (size before relaxing)