allcontrol.c:2:5:button_turn	8	static
allcontrol.c:12:5:button_sure	8	static
allcontrol.c:22:5:button_return	8	static
allcontrol.c:32:5:button_other1	8	static
allcontrol.c:42:5:button_other2	8	static
allcontrol.c:52:5:get_tem	4	static
allcontrol.c:56:6:fresh_bat	16	static
allcontrol.c:61:6:display_page_time	56	static
allcontrol.c:73:6:display_page_init	24	static
allcontrol.c:98:6:display_page_music	8	static
allcontrol.c:110:6:display_card	56	static
allcontrol.c:141:6:card_feedback	48	static
allcontrol.c:198:6:let_p2	40	static
allcontrol.c:240:5:card_check	32	static
allcontrol.c:275:6:refresh_card	144	static
allcontrol.c:282:6:card_init	32	static
allcontrol.c:306:6:play_card	280	static
allcontrol.c:365:6:broadcast_music	24	static
allcontrol.c:379:6:display_music	16	static
